Microchip MPLAB XC8 Compiler V1.33 ()

Linker command line:

--edf=C:\Program Files (x86)\Microchip\xc8\v1.33\dat\en_msgs.txt -cs \
  -h+dist/default/production\regulator.production.sym \
  --cmf=dist/default/production\regulator.production.cmf -z -Q18F25K22 \
  -oC:\Users\azevedo\AppData\Local\Temp\s61k.6 \
  -Mdist/default/production/regulator.production.map -E1 -ver=XC8 \
  -ASTACK=08Eh-05ffh -pstack=STACK -ACODE=00h-07FFFh -ACONST=00h-07FFFh \
  -ASMALLCONST=0600h-06FFhx122 -AMEDIUMCONST=0600h-07FFFh -ACOMRAM=01h-05Fh \
  -AABS1=00h-05FFh -ABIGRAM=01h-05FFh -ARAM=060h-0FFh,0100h-01FFhx5 \
  -ABANK0=060h-0FFh -ABANK1=0100h-01FFh -ABANK2=0200h-02FFh \
  -ABANK3=0300h-03FFh -ABANK4=0400h-04FFh -ABANK5=0500h-05FFh \
  -ASFR=0F38h-0F5Fh,0F60h-0FFFh \
  -preset_vec=00h,intcode=08h,intcodelo,powerup,init,end_init \
  -pramtop=0600h -psmallconst=SMALLCONST -pmediumconst=MEDIUMCONST \
  -pconst=CONST -AFARRAM=00h-00h -ACONFIG=0300000h-030000Dh -pconfig=CONFIG \
  -AIDLOC=0200000h-0200007h -pidloc=IDLOC -AEEDATA=0F00000h-0F000FFh \
  -peeprom_data=EEDATA \
  -prdata=COMRAM,nvrram=COMRAM,nvbit=COMRAM,rbss=COMRAM,rbit=COMRAM \
  -pfarbss=FARRAM,fardata=FARRAM,nvFARRAM=FARRAM \
  -pintsave_regs=BIGRAM,bigbss=BIGRAM,bigdata=BIGRAM -pbss=RAM \
  -pidata=CODE,irdata=CODE,ibigdata=CODE,ifardata=CODE \
  C:\Users\azevedo\AppData\Local\Temp\s61k.obj \
  dist/default/production\regulator.production.obj 

Object code version is 3.11

Machine type is 18F25K22

Call graph: (short form)




                Name                               Link     Load   Length Selector   Space Scale
C:\Users\azevedo\AppData\Local\Temp\s61k.obj
                end_init                             C6       C6        4        4       0
                reset_vec                             0        0        4        0       0
                idloc                            200000   200000        8   200000       0
                config                           300000   300000        E   300000       0
dist/default/production\regulator.production.obj
                intcode                               8        8       BE        4       0
                smallconst                          600      600       30      300       0
                text26                             1778     1778       44      318       0
                text25                             1618     1618       68      318       0
                text24                             1908     1908       10      318       0
                text23                             1834     1834       2A      318       0
                text22                             1680     1680       5E      318       0
                text21                             1730     1730       48      318       0
                text20                             18CE     18CE       20      318       0
                text19                             12AC     12AC       A8      318       0
                text18                             105A     105A       E2      318       0
                text17                             1488     1488       90      318       0
                text16                              F6A      F6A       F0      318       0
                text15                             1884     1884       26      318       0
                text14                              C88      C88      1AC      318       0
                text13                             17FE     17FE       36      318       0
                text12                              E34      E34      136      318       0
                text11                             18AA     18AA       24      318       0
                text10                             159C     159C       7C      318       0
                text9                              18EE     18EE       1A      318       0
                text8                              1918     1918        E      318       0
                text7                              1518     1518       84      318       0
                text6                              1354     1354       A4      318       0
                text5                              13F8     13F8       90      318       0
                text4                              11F4     11F4       B8      318       0
                text3                              16DE     16DE       52      318       0
                text2                              17BC     17BC       42      318       0
                text1                              113C     113C       B8      318       0
                text0                               630      630      658      318       0
                cstackCOMRAM                          1        1       42        1       1
                cstackBANK0                          60       60       20       60       1
                bssBANK0                             80       80        E       60       1
                bssCOMRAM                            43       43        E        1       1
                cinit                              185E     185E       26      318       0

TOTAL           Name                               Link     Load   Length     Space
        CLASS   STACK          

        CLASS   CODE           
                end_init                             C6       C6        4         0
                intcode                               8        8       BE         0
                reset_vec                             0        0        4         0
                text26                             1778     1778       44         0
                text25                             1618     1618       68         0
                text24                             1908     1908       10         0
                text23                             1834     1834       2A         0
                text22                             1680     1680       5E         0
                text21                             1730     1730       48         0
                text20                             18CE     18CE       20         0
                text19                             12AC     12AC       A8         0
                text18                             105A     105A       E2         0
                text17                             1488     1488       90         0
                text16                              F6A      F6A       F0         0
                text15                             1884     1884       26         0
                text14                              C88      C88      1AC         0
                text13                             17FE     17FE       36         0
                text12                              E34      E34      136         0
                text11                             18AA     18AA       24         0
                text10                             159C     159C       7C         0
                text9                              18EE     18EE       1A         0
                text8                              1918     1918        E         0
                text7                              1518     1518       84         0
                text6                              1354     1354       A4         0
                text5                              13F8     13F8       90         0
                text4                              11F4     11F4       B8         0
                text3                              16DE     16DE       52         0
                text2                              17BC     17BC       42         0
                text1                              113C     113C       B8         0
                text0                               630      630      658         0
                cinit                              185E     185E       26         0

        CLASS   CONST          

        CLASS   SMALLCONST     
                smallconst                          600      600       30         0

        CLASS   MEDIUMCONST    

        CLASS   COMRAM         
                cstackCOMRAM                          1        1       42         1
                bssCOMRAM                            43       43        E         1

        CLASS   ABS1           

        CLASS   BIGRAM         

        CLASS   RAM            

        CLASS   BANK0          
                cstackBANK0                          60       60       20         1
                bssBANK0                             80       80        E         1

        CLASS   BANK1          

        CLASS   BANK2          

        CLASS   BANK3          

        CLASS   BANK4          

        CLASS   BANK5          

        CLASS   SFR            

        CLASS   FARRAM         

        CLASS   CONFIG         
                config                           300000   300000        E         0

        CLASS   IDLOC          
                idloc                            200000   200000        8         0

        CLASS   EEDATA         



SEGMENTS        Name                           Load    Length   Top    Selector   Space  Class

                reset_vec                      000000  000004  000004         0       0  CODE    
                cstackCOMRAM                   000001  000050  000051         1       1  COMRAM  
                intcode                        000008  0000C2  0000CA         4       0  CODE    
                cstackBANK0                    000060  00002E  00008E        60       1  BANK0   
                smallconst                     000600  000030  000630       300       0  SMALLCON
                text0                          000630  0012F6  001926       318       0  CODE    
                idloc                          200000  000008  200008    200000       0  IDLOC   
                config                         300000  00000E  30000E    300000       0  CONFIG  


UNUSED ADDRESS RANGES

        Name                Unused          Largest block    Delta
        BANK0            00008E-0000FF               72
        BANK1            000100-0001FF              100
        BANK2            000200-0002FF              100
        BANK3            000300-0003FF              100
        BANK4            000400-0004FF              100
        BANK5            000500-0005FF              100
        BIGRAM           000051-00005F                F
                         00008E-0005FF              572
        CODE             000004-000007                4
                         0000CA-0005FF              536
                         001926-007FFF             66DA
        COMRAM           000051-00005F                F
        CONST            000004-000007                4
                         0000CA-0005FF              536
                         001926-007FFF             66DA
        EEDATA           F00000-F000FF              100
        MEDIUMCONST      001926-007FFF             66DA
        RAM              00008E-0005FF              100
        SFR              000F38-000FFF               28
        SMALLCONST       001926-007FFF              100
        STACK            00008E-0005FF              572

                                  Symbol Table

?_ADC_10bit              cstackCOMRAM 00000F
?___awdiv                cstackCOMRAM 00000F
?___awmod                cstackCOMRAM 00000F
?___ftadd                cstackCOMRAM 00002C
?___ftdiv                cstackCOMRAM 000029
?___ftmul                cstackCOMRAM 00001A
?___ftneg                cstackCOMRAM 000029
?___ftpack               cstackCOMRAM 00000F
?___ftsub                cstackCOMRAM 000038
?___fttol                cstackCOMRAM 000038
?___lwdiv                cstackCOMRAM 00000F
?___lwmod                cstackCOMRAM 00000F
?___lwtoft               cstackCOMRAM 000017
ADC_10bit@channel        cstackCOMRAM 000013
LOW_BATTERY@delayy       cstackCOMRAM 000013
PWM_OUT@duty_cycle       cstackCOMRAM 000041
_ADCON0                  (abs)        000FC2
_ADCON0bits              (abs)        000FC2
_ADCON1                  (abs)        000FC1
_ADCON2                  (abs)        000FC0
_ADC_10bit               text26       001778
_ADC_HB                  bssCOMRAM    000043
_ADC_LB                  bssCOMRAM    000045
_ADRESH                  (abs)        000FC4
_ADRESL                  (abs)        000FC3
_ANSELA                  (abs)        000F38
_ANSELB                  (abs)        000F39
_ANSELC                  (abs)        000F3A
_ANSELCbits              (abs)        000F3A
_BAUDCON1bits            (abs)        000FB8
_CCP5CON                 (abs)        000F54
_CCPR5L                  (abs)        000F55
_CCPTMRS1                (abs)        000F48
_CM1CON0bits             (abs)        000F79
_CM2CON1bits             (abs)        000F77
_INTCON                  (abs)        000FF2
_IPR1                    (abs)        000F9F
_LATBbits                (abs)        000F8A
_LATCbits                (abs)        000F8B
_LOW_BATTERY             text22       001680
_PIE1                    (abs)        000F9D
_PIE1bits                (abs)        000F9D
_PIR1bits                (abs)        000F9E
_PORTAbits               (abs)        000F80
_PORTCbits               (abs)        000F82
_PR2                     (abs)        000FBB
_PWM_HB                  bssCOMRAM    000047
_PWM_LB                  bssCOMRAM    000049
_PWM_OUT                 text21       001730
_RCSTAbits               (abs)        000FAB
_SPBRG1                  (abs)        000FAF
_SPBRGH1                 (abs)        000FB0
_T1CON                   (abs)        000FCD
_T2CON                   (abs)        000FBA
_TMR1H                   (abs)        000FCF
_TMR1L                   (abs)        000FCE
_TRISAbits               (abs)        000F92
_TRISB                   (abs)        000F93
_TRISBbits               (abs)        000F93
_TRISCbits               (abs)        000F94
_TXREG1                  (abs)        000FAD
_TXSTAbits               (abs)        000FAC
_UART_INIT               text20       0018CE
_VREFCON0bits            (abs)        000F42
__CFG_BOREN$OFF          (abs)        000000
__CFG_DEBUG$OFF          (abs)        000000
__CFG_FCMEN$OFF          (abs)        000000
__CFG_FOSC$XT            (abs)        000000
__CFG_HFOFST$OFF         (abs)        000000
__CFG_IESO$OFF           (abs)        000000
__CFG_LVP$OFF            (abs)        000000
__CFG_MCLRE$EXTMCLR      (abs)        000000
__CFG_PLLCFG$OFF         (abs)        000000
__CFG_PRICLKEN$ON        (abs)        000000
__CFG_PWRTEN$ON          (abs)        000000
__CFG_STVREN$ON          (abs)        000000
__CFG_WDTEN$OFF          (abs)        000000
__CFG_XINST$OFF          (abs)        000000
__HRAM                   (abs)        000000
__Habs1                  abs1         000000
__Hbank0                 bank0        000000
__Hbank1                 bank1        000000
__Hbank2                 bank2        000000
__Hbank3                 bank3        000000
__Hbank4                 bank4        000000
__Hbank5                 bank5        000000
__Hbigbss                bigbss       000000
__Hbigdata               bigdata      000000
__Hbigram                bigram       000000
__Hbss                   bss          000000
__HbssBANK0              bssBANK0     000000
__HbssCOMRAM             bssCOMRAM    000000
__Hcinit                 cinit        000000
__Hclrtext               clrtext      000000
__Hcomram                comram       000000
__Hconfig                config       30000E
__Hconst                 const        000000
__HcstackBANK0           cstackBANK0  000000
__HcstackCOMRAM          cstackCOMRAM 000000
__Hdata                  data         000000
__Heeprom_data           eeprom_data  000000
__Hend_init              end_init     0000CA
__Hfarbss                farbss       000000
__Hfardata               fardata      000000
__Hibigdata              ibigdata     000000
__Hidata                 idata        000000
__Hidloc                 idloc        200008
__Hifardata              ifardata     000000
__Hinit                  init         0000C6
__Hintcode               intcode      0000C6
__Hintcode_body          intcode_body 000000
__Hintcodelo             intcodelo    0000C6
__Hintentry              intentry     000000
__Hintret                intret       000000
__Hintsave_regs          intsave_regs 000000
__Hirdata                irdata       000000
__Hmediumconst           mediumconst  000000
__HnvFARRAM              nvFARRAM     000000
__Hnvbit                 nvbit        000000
__Hnvrram                nvrram       000000
__Hparam                 rparam       000000
__Hpowerup               powerup      0000C6
__Hram                   ram          000000
__Hramtop                ramtop       000600
__Hrbit                  rbit         000000
__Hrbss                  rbss         000000
__Hrdata                 rdata        000000
__Hreset_vec             reset_vec    000004
__Hrparam                rparam       000000
__Hsfr                   sfr          000000
__Hsmallconst            smallconst   000630
__Hspace_0               (abs)        30000E
__Hspace_1               (abs)        00008E
__Hspace_2               (abs)        000000
__Hstack                 stack        000000
__Hstruct                struct       000000
__Htemp                  temp         000000
__Htext                  text         000000
__Htext0                 text0        000000
__Htext1                 text1        000000
__Htext10                text10       000000
__Htext11                text11       000000
__Htext12                text12       000000
__Htext13                text13       000000
__Htext14                text14       000000
__Htext15                text15       000000
__Htext16                text16       000000
__Htext17                text17       000000
__Htext18                text18       000000
__Htext19                text19       000000
__Htext2                 text2        000000
__Htext20                text20       000000
__Htext21                text21       000000
__Htext22                text22       000000
__Htext23                text23       000000
__Htext24                text24       000000
__Htext25                text25       000000
__Htext26                text26       000000
__Htext3                 text3        000000
__Htext4                 text4        000000
__Htext5                 text5        000000
__Htext6                 text6        000000
__Htext7                 text7        000000
__Htext8                 text8        000000
__Htext9                 text9        000000
__LRAM                   (abs)        000001
__Labs1                  abs1         000000
__Lbank0                 bank0        000000
__Lbank1                 bank1        000000
__Lbank2                 bank2        000000
__Lbank3                 bank3        000000
__Lbank4                 bank4        000000
__Lbank5                 bank5        000000
__Lbigbss                bigbss       000000
__Lbigdata               bigdata      000000
__Lbigram                bigram       000000
__Lbss                   bss          000000
__LbssBANK0              bssBANK0     000000
__LbssCOMRAM             bssCOMRAM    000000
__Lcinit                 cinit        000000
__Lclrtext               clrtext      000000
__Lcomram                comram       000000
__Lconfig                config       300000
__Lconst                 const        000000
__LcstackBANK0           cstackBANK0  000000
__LcstackCOMRAM          cstackCOMRAM 000000
__Ldata                  data         000000
__Leeprom_data           eeprom_data  000000
__Lend_init              end_init     0000C6
__Lfarbss                farbss       000000
__Lfardata               fardata      000000
__Libigdata              ibigdata     000000
__Lidata                 idata        000000
__Lidloc                 idloc        200000
__Lifardata              ifardata     000000
__Linit                  init         0000C6
__Lintcode               intcode      000008
__Lintcode_body          intcode_body 000000
__Lintcodelo             intcodelo    0000C6
__Lintentry              intentry     000000
__Lintret                intret       000000
__Lintsave_regs          intsave_regs 000000
__Lirdata                irdata       000000
__Lmediumconst           mediumconst  000000
__LnvFARRAM              nvFARRAM     000000
__Lnvbit                 nvbit        000000
__Lnvrram                nvrram       000000
__Lparam                 rparam       000000
__Lpowerup               powerup      0000C6
__Lram                   ram          000000
__Lramtop                ramtop       000600
__Lrbit                  rbit         000000
__Lrbss                  rbss         000000
__Lrdata                 rdata        000000
__Lreset_vec             reset_vec    000000
__Lrparam                rparam       000000
__Lsfr                   sfr          000000
__Lsmallconst            smallconst   000600
__Lspace_0               (abs)        000000
__Lspace_1               (abs)        000000
__Lspace_2               (abs)        000000
__Lstack                 stack        000000
__Lstruct                struct       000000
__Ltemp                  temp         000000
__Ltext                  text         000000
__Ltext0                 text0        000000
__Ltext1                 text1        000000
__Ltext10                text10       000000
__Ltext11                text11       000000
__Ltext12                text12       000000
__Ltext13                text13       000000
__Ltext14                text14       000000
__Ltext15                text15       000000
__Ltext16                text16       000000
__Ltext17                text17       000000
__Ltext18                text18       000000
__Ltext19                text19       000000
__Ltext2                 text2        000000
__Ltext20                text20       000000
__Ltext21                text21       000000
__Ltext22                text22       000000
__Ltext23                text23       000000
__Ltext24                text24       000000
__Ltext25                text25       000000
__Ltext26                text26       000000
__Ltext3                 text3        000000
__Ltext4                 text4        000000
__Ltext5                 text5        000000
__Ltext6                 text6        000000
__Ltext7                 text7        000000
__Ltext8                 text8        000000
__Ltext9                 text9        000000
__S0                     (abs)        30000E
__S1                     (abs)        00008E
__S2                     (abs)        000000
___awdiv                 text6        001354
___awdiv@counter         cstackCOMRAM 000013
___awdiv@dividend        cstackCOMRAM 00000F
___awdiv@divisor         cstackCOMRAM 000011
___awdiv@quotient        cstackCOMRAM 000015
___awdiv@sign            cstackCOMRAM 000014
___awmod                 text5        0013F8
___awmod@counter         cstackCOMRAM 000013
___awmod@dividend        cstackCOMRAM 00000F
___awmod@divisor         cstackCOMRAM 000011
___awmod@sign            cstackCOMRAM 000014
___ftadd                 text14       000C88
___ftadd@exp1            cstackCOMRAM 000037
___ftadd@exp2            cstackCOMRAM 000036
___ftadd@f1              cstackCOMRAM 00002C
___ftadd@f2              cstackCOMRAM 00002F
___ftadd@sign            cstackCOMRAM 000035
___ftdiv                 text18       00105A
___ftdiv@cntr            cstackCOMRAM 000032
___ftdiv@exp             cstackCOMRAM 000036
___ftdiv@f1              cstackCOMRAM 000029
___ftdiv@f2              cstackCOMRAM 00002C
___ftdiv@f3              cstackCOMRAM 000033
___ftdiv@sign            cstackCOMRAM 000037
___ftge                  text17       001488
___ftge@ff1              cstackCOMRAM 00000F
___ftge@ff2              cstackCOMRAM 000012
___ftmul                 text16       000F6A
___ftmul@cntr            cstackCOMRAM 000027
___ftmul@exp             cstackCOMRAM 000023
___ftmul@f1              cstackCOMRAM 00001A
___ftmul@f2              cstackCOMRAM 00001D
___ftmul@f3_as_product   cstackCOMRAM 000024
___ftmul@sign            cstackCOMRAM 000028
___ftneg                 text15       001884
___ftneg@f1              cstackCOMRAM 000029
___ftpack                text19       0012AC
___ftpack@arg            cstackCOMRAM 00000F
___ftpack@exp            cstackCOMRAM 000012
___ftpack@sign           cstackCOMRAM 000013
___ftsub                 text13       0017FE
___ftsub@f1              cstackCOMRAM 000038
___ftsub@f2              cstackCOMRAM 00003B
___fttol                 text12       000E34
___fttol@exp1            cstackBANK0  000065
___fttol@f1              cstackCOMRAM 000038
___fttol@lval            cstackBANK0  000061
___fttol@sign1           cstackBANK0  000060
___inthi_sp              stack        000000
___intlo_sp              stack        000000
___lwdiv                 text3        0016DE
___lwdiv@counter         cstackCOMRAM 000015
___lwdiv@dividend        cstackCOMRAM 00000F
___lwdiv@divisor         cstackCOMRAM 000011
___lwdiv@quotient        cstackCOMRAM 000013
___lwmod                 text2        0017BC
___lwmod@counter         cstackCOMRAM 000013
___lwmod@dividend        cstackCOMRAM 00000F
___lwmod@divisor         cstackCOMRAM 000011
___lwtoft                text11       0018AA
___lwtoft@c              cstackCOMRAM 000017
___sp                    stack        000000
__accesstop              (abs)        000060
__activetblptr           (abs)        000001
__end_of_ADC_10bit       text26       0017BC
__end_of_LOW_BATTERY     text22       0016DE
__end_of_PWM_OUT         text21       001778
__end_of_UART_INIT       text20       0018EE
__end_of___awdiv         text6        0013F8
__end_of___awmod         text5        001488
__end_of___ftadd         text14       000E34
__end_of___ftdiv         text18       00113C
__end_of___ftge          text17       001518
__end_of___ftmul         text16       00105A
__end_of___ftneg         text15       0018AA
__end_of___ftpack        text19       001354
__end_of___ftsub         text13       001834
__end_of___fttol         text12       000F6A
__end_of___lwdiv         text3        001730
__end_of___lwmod         text2        0017FE
__end_of___lwtoft        text11       0018CE
__end_of__initialization cinit        001876
__end_of__stringdata     smallconst   00062E
__end_of_init            text10       001618
__end_of_isr             intcode      0000C6
__end_of_lcd_clear       text9        001908
__end_of_lcd_cmd         text8        001926
__end_of_lcd_goto        text24       001918
__end_of_lcd_init        text7        00159C
__end_of_lcd_write       text25       001680
__end_of_lcd_writesc     text23       00185E
__end_of_main            text0        000C88
__end_of_show_clock      text4        0012AC
__end_of_show_values     text1        0011F4
__initialization         cinit        00185E
__mediumconst            mediumconst  000000
__pbssBANK0              bssBANK0     000080
__pbssCOMRAM             bssCOMRAM    000043
__pcinit                 cinit        00185E
__pcstackBANK0           cstackBANK0  000060
__pcstackCOMRAM          cstackCOMRAM 000001
__pintcode               intcode      000008
__psmallconst            smallconst   000600
__ptext0                 text0        000630
__ptext1                 text1        00113C
__ptext10                text10       00159C
__ptext11                text11       0018AA
__ptext12                text12       000E34
__ptext13                text13       0017FE
__ptext14                text14       000C88
__ptext15                text15       001884
__ptext16                text16       000F6A
__ptext17                text17       001488
__ptext18                text18       00105A
__ptext19                text19       0012AC
__ptext2                 text2        0017BC
__ptext20                text20       0018CE
__ptext21                text21       001730
__ptext22                text22       001680
__ptext23                text23       001834
__ptext24                text24       001908
__ptext25                text25       001618
__ptext26                text26       001778
__ptext3                 text3        0016DE
__ptext4                 text4        0011F4
__ptext5                 text5        0013F8
__ptext6                 text6        001354
__ptext7                 text7        001518
__ptext8                 text8        001918
__ptext9                 text9        0018EE
__ramtop                 ramtop       000600
__size_of_ADC_10bit      (abs)        000000
__size_of_LOW_BATTERY    (abs)        000000
__size_of_PWM_OUT        (abs)        000000
__size_of_UART_INIT      (abs)        000000
__size_of___awdiv        (abs)        000000
__size_of___awmod        (abs)        000000
__size_of___ftadd        (abs)        000000
__size_of___ftdiv        (abs)        000000
__size_of___ftge         (abs)        000000
__size_of___ftmul        (abs)        000000
__size_of___ftneg        (abs)        000000
__size_of___ftpack       (abs)        000000
__size_of___ftsub        (abs)        000000
__size_of___fttol        (abs)        000000
__size_of___lwdiv        (abs)        000000
__size_of___lwmod        (abs)        000000
__size_of___lwtoft       (abs)        000000
__size_of_init           (abs)        000000
__size_of_isr            (abs)        000000
__size_of_lcd_clear      (abs)        000000
__size_of_lcd_cmd        (abs)        000000
__size_of_lcd_goto       (abs)        000000
__size_of_lcd_init       (abs)        000000
__size_of_lcd_write      (abs)        000000
__size_of_lcd_writesc    (abs)        000000
__size_of_main           (abs)        000000
__size_of_show_clock     (abs)        000000
__size_of_show_values    (abs)        000000
__smallconst             smallconst   000600
__stringdata             smallconst   000601
_channel                 bssCOMRAM    00004D
_duty_cycle              bssCOMRAM    00004B
_fel                     bssBANK0     00008B
_gammal_fel              bssBANK0     000080
_gammal_pwmut            bssBANK0     000083
_hr                      bssBANK0     000089
_init                    text10       00159C
_isr                     intcode      000008
_lcd_clear               text9        0018EE
_lcd_cmd                 text8        001918
_lcd_goto                text24       001908
_lcd_init                text7        001518
_lcd_write               text25       001618
_lcd_writesc             text23       001834
_main                    text0        000630
_main$1938               cstackBANK0  00006C
_min                     bssBANK0     00008A
_pwmut                   bssBANK0     000086
_raknare                 bssCOMRAM    00004E
_sec                     bssCOMRAM    00004F
_show_clock              text4        0011F4
_show_values             text1        00113C
_tiondel                 bssCOMRAM    000050
end_of_initialization    cinit        001876
intlevel0                text         000000
intlevel1                text         000000
intlevel2                text         000000
intlevel3                text         000000
lcd_cmd@command          cstackCOMRAM 000010
lcd_goto@pos             cstackCOMRAM 000010
lcd_write@c              cstackCOMRAM 00000F
lcd_writesc@s            cstackCOMRAM 000010
main@PV                  cstackBANK0  000073
main@SP                  cstackBANK0  000071
main@ar_varde            cstackBANK0  000077
main@b                   cstackBANK0  00006F
main@bor_varde           cstackBANK0  00007A
main@bv                  cstackBANK0  00007D
main@count               cstackBANK0  000075
show_values@PV           cstackCOMRAM 000018
show_values@PV1          cstackCOMRAM 00001C
show_values@SP           cstackCOMRAM 000016
show_values@SP1          cstackCOMRAM 00001A
stackhi                  (abs)        0005FF
stacklo                  (abs)        00008E
start                    init         0000C6
start_initialization     cinit        00185E


FUNCTION INFORMATION:

 *************** function _main *****************
 Defined at:
		line 36 in file "main.c"
 Parameters:    Size  Location     Type
		None
 Auto vars:     Size  Location     Type
  b               2   15[BANK0 ] int 
  bv              3   29[BANK0 ] float 
  bor_varde       3   26[BANK0 ] float 
  ar_varde        3   23[BANK0 ] float 
  count           2   21[BANK0 ] int 
  PV              2   19[BANK0 ] unsigned int 
  SP              2   17[BANK0 ] unsigned int 
 Return value:  Size  Location     Type
		None               void
 Registers used:
		wreg, status,2, status,0, tblptrl, tblptrh, tblptru, prodl, cstack
 Tracked objects:
		On entry : 
		On exit  : 
		Unchanged: 
 Data sizes:     COMRAM   BANK0   BANK1   BANK2   BANK3   BANK4   BANK5
      Params:         0       0       0       0       0       0       0
      Locals:         0      20       0       0       0       0       0
      Temps:          0       4       0       0       0       0       0
      Totals:         0      24       0       0       0       0       0
Total ram usage:       24 bytes
 Hardware stack levels required when called:    4
 This function calls:
		_ADC_10bit
		_LOW_BATTERY
		_PWM_OUT
		_UART_INIT
		___ftadd
		___ftdiv
		___ftge
		___ftmul
		___ftneg
		___ftsub
		___fttol
		___lwtoft
		_init
		_lcd_goto
		_lcd_init
		_lcd_writesc
		_show_clock
		_show_values
 This function is called by:
		Startup code after reset
 This function uses a non-reentrant model


 *************** function _show_values *****************
 Defined at:
		line 256 in file "main.c"
 Parameters:    Size  Location     Type
  SP              2   21[COMRAM] unsigned int 
  PV              2   23[COMRAM] unsigned int 
 Auto vars:     Size  Location     Type
  PV1             2   27[COMRAM] unsigned int 
  SP1             2   25[COMRAM] unsigned int 
 Return value:  Size  Location     Type
		None               void
 Registers used:
		wreg, status,2, status,0, tblptrl, tblptrh, tblptru, cstack
 Tracked objects:
		On entry : 
		On exit  : 
		Unchanged: 
 Data sizes:     COMRAM   BANK0   BANK1   BANK2   BANK3   BANK4   BANK5
      Params:         4       0       0       0       0       0       0
      Locals:         4       0       0       0       0       0       0
      Temps:          0       0       0       0       0       0       0
      Totals:         8       0       0       0       0       0       0
Total ram usage:        8 bytes
 Hardware stack levels used:    1
 Hardware stack levels required when called:    3
 This function calls:
		___lwdiv
		___lwmod
		_lcd_goto
		_lcd_write
		_lcd_writesc
 This function is called by:
		_main
 This function uses a non-reentrant model


 *************** function ___lwmod *****************
 Defined at:
		line 8 in file "C:\Program Files (x86)\Microchip\xc8\v1.33\sources\common\lwmod.c"
 Parameters:    Size  Location     Type
  dividend        2   14[COMRAM] unsigned int 
  divisor         2   16[COMRAM] unsigned int 
 Auto vars:     Size  Location     Type
  counter         1   18[COMRAM] unsigned char 
 Return value:  Size  Location     Type
                  2   14[COMRAM] unsigned int 
 Registers used:
		wreg, status,2, status,0
 Tracked objects:
		On entry : 
		On exit  : 
		Unchanged: 
 Data sizes:     COMRAM   BANK0   BANK1   BANK2   BANK3   BANK4   BANK5
      Params:         4       0       0       0       0       0       0
      Locals:         1       0       0       0       0       0       0
      Temps:          0       0       0       0       0       0       0
      Totals:         5       0       0       0       0       0       0
Total ram usage:        5 bytes
 Hardware stack levels used:    1
 Hardware stack levels required when called:    1
 This function calls:
		Nothing
 This function is called by:
		_show_values
 This function uses a non-reentrant model


 *************** function ___lwdiv *****************
 Defined at:
		line 8 in file "C:\Program Files (x86)\Microchip\xc8\v1.33\sources\common\lwdiv.c"
 Parameters:    Size  Location     Type
  dividend        2   14[COMRAM] unsigned int 
  divisor         2   16[COMRAM] unsigned int 
 Auto vars:     Size  Location     Type
  quotient        2   18[COMRAM] unsigned int 
  counter         1   20[COMRAM] unsigned char 
 Return value:  Size  Location     Type
                  2   14[COMRAM] unsigned int 
 Registers used:
		wreg, status,2, status,0
 Tracked objects:
		On entry : 
		On exit  : 
		Unchanged: 
 Data sizes:     COMRAM   BANK0   BANK1   BANK2   BANK3   BANK4   BANK5
      Params:         4       0       0       0       0       0       0
      Locals:         3       0       0       0       0       0       0
      Temps:          0       0       0       0       0       0       0
      Totals:         7       0       0       0       0       0       0
Total ram usage:        7 bytes
 Hardware stack levels used:    1
 Hardware stack levels required when called:    1
 This function calls:
		Nothing
 This function is called by:
		_show_values
 This function uses a non-reentrant model


 *************** function _show_clock *****************
 Defined at:
		line 278 in file "main.c"
 Parameters:    Size  Location     Type
		None
 Auto vars:     Size  Location     Type
		None
 Return value:  Size  Location     Type
		None               void
 Registers used:
		wreg, status,2, status,0, prodl, cstack
 Tracked objects:
		On entry : 
		On exit  : 
		Unchanged: 
 Data sizes:     COMRAM   BANK0   BANK1   BANK2   BANK3   BANK4   BANK5
      Params:         0       0       0       0       0       0       0
      Locals:         0       0       0       0       0       0       0
      Temps:          0       0       0       0       0       0       0
      Totals:         0       0       0       0       0       0       0
Total ram usage:        0 bytes
 Hardware stack levels used:    1
 Hardware stack levels required when called:    3
 This function calls:
		___awdiv
		___awmod
		_lcd_goto
		_lcd_write
 This function is called by:
		_main
 This function uses a non-reentrant model


 *************** function ___awmod *****************
 Defined at:
		line 8 in file "C:\Program Files (x86)\Microchip\xc8\v1.33\sources\common\awmod.c"
 Parameters:    Size  Location     Type
  dividend        2   14[COMRAM] int 
  divisor         2   16[COMRAM] int 
 Auto vars:     Size  Location     Type
  sign            1   19[COMRAM] unsigned char 
  counter         1   18[COMRAM] unsigned char 
 Return value:  Size  Location     Type
                  2   14[COMRAM] int 
 Registers used:
		wreg, status,2, status,0, prodl
 Tracked objects:
		On entry : 
		On exit  : 
		Unchanged: 
 Data sizes:     COMRAM   BANK0   BANK1   BANK2   BANK3   BANK4   BANK5
      Params:         4       0       0       0       0       0       0
      Locals:         2       0       0       0       0       0       0
      Temps:          0       0       0       0       0       0       0
      Totals:         6       0       0       0       0       0       0
Total ram usage:        6 bytes
 Hardware stack levels used:    1
 Hardware stack levels required when called:    1
 This function calls:
		Nothing
 This function is called by:
		_show_clock
 This function uses a non-reentrant model


 *************** function ___awdiv *****************
 Defined at:
		line 8 in file "C:\Program Files (x86)\Microchip\xc8\v1.33\sources\common\awdiv.c"
 Parameters:    Size  Location     Type
  dividend        2   14[COMRAM] int 
  divisor         2   16[COMRAM] int 
 Auto vars:     Size  Location     Type
  quotient        2   20[COMRAM] int 
  sign            1   19[COMRAM] unsigned char 
  counter         1   18[COMRAM] unsigned char 
 Return value:  Size  Location     Type
                  2   14[COMRAM] int 
 Registers used:
		wreg, status,2, status,0, prodl
 Tracked objects:
		On entry : 
		On exit  : 
		Unchanged: 
 Data sizes:     COMRAM   BANK0   BANK1   BANK2   BANK3   BANK4   BANK5
      Params:         4       0       0       0       0       0       0
      Locals:         4       0       0       0       0       0       0
      Temps:          0       0       0       0       0       0       0
      Totals:         8       0       0       0       0       0       0
Total ram usage:        8 bytes
 Hardware stack levels used:    1
 Hardware stack levels required when called:    1
 This function calls:
		Nothing
 This function is called by:
		_show_clock
 This function uses a non-reentrant model


 *************** function _lcd_init *****************
 Defined at:
		line 95 in file "lcd.c"
 Parameters:    Size  Location     Type
		None
 Auto vars:     Size  Location     Type
		None
 Return value:  Size  Location     Type
		None               void
 Registers used:
		wreg, status,2, cstack
 Tracked objects:
		On entry : 
		On exit  : 
		Unchanged: 
 Data sizes:     COMRAM   BANK0   BANK1   BANK2   BANK3   BANK4   BANK5
      Params:         0       0       0       0       0       0       0
      Locals:         0       0       0       0       0       0       0
      Temps:          1       0       0       0       0       0       0
      Totals:         1       0       0       0       0       0       0
Total ram usage:        1 bytes
 Hardware stack levels used:    1
 Hardware stack levels required when called:    3
 This function calls:
		_lcd_clear
		_lcd_cmd
 This function is called by:
		_main
 This function uses a non-reentrant model


 *************** function _lcd_cmd *****************
 Defined at:
		line 87 in file "lcd.c"
 Parameters:    Size  Location     Type
  command         1    wreg     unsigned char 
 Auto vars:     Size  Location     Type
  command         1   15[COMRAM] unsigned char 
 Return value:  Size  Location     Type
		None               void
 Registers used:
		wreg, status,2, cstack
 Tracked objects:
		On entry : 
		On exit  : 
		Unchanged: 
 Data sizes:     COMRAM   BANK0   BANK1   BANK2   BANK3   BANK4   BANK5
      Params:         0       0       0       0       0       0       0
      Locals:         1       0       0       0       0       0       0
      Temps:          0       0       0       0       0       0       0
      Totals:         1       0       0       0       0       0       0
Total ram usage:        1 bytes
 Hardware stack levels used:    1
 Hardware stack levels required when called:    2
 This function calls:
		_lcd_write
 This function is called by:
		_lcd_init
 This function uses a non-reentrant model


 *************** function _lcd_clear *****************
 Defined at:
		line 56 in file "lcd.c"
 Parameters:    Size  Location     Type
		None
 Auto vars:     Size  Location     Type
		None
 Return value:  Size  Location     Type
		None               void
 Registers used:
		wreg, status,2, cstack
 Tracked objects:
		On entry : 
		On exit  : 
		Unchanged: 
 Data sizes:     COMRAM   BANK0   BANK1   BANK2   BANK3   BANK4   BANK5
      Params:         0       0       0       0       0       0       0
      Locals:         0       0       0       0       0       0       0
      Temps:          1       0       0       0       0       0       0
      Totals:         1       0       0       0       0       0       0
Total ram usage:        1 bytes
 Hardware stack levels used:    1
 Hardware stack levels required when called:    2
 This function calls:
		_lcd_write
 This function is called by:
		_lcd_init
 This function uses a non-reentrant model


 *************** function _init *****************
 Defined at:
		line 157 in file "main.c"
 Parameters:    Size  Location     Type
		None
 Auto vars:     Size  Location     Type
		None
 Return value:  Size  Location     Type
		None               void
 Registers used:
		wreg, status,2
 Tracked objects:
		On entry : 
		On exit  : 
		Unchanged: 
 Data sizes:     COMRAM   BANK0   BANK1   BANK2   BANK3   BANK4   BANK5
      Params:         0       0       0       0       0       0       0
      Locals:         0       0       0       0       0       0       0
      Temps:          0       0       0       0       0       0       0
      Totals:         0       0       0       0       0       0       0
Total ram usage:        0 bytes
 Hardware stack levels used:    1
 Hardware stack levels required when called:    1
 This function calls:
		Nothing
 This function is called by:
		_main
 This function uses a non-reentrant model


 *************** function ___lwtoft *****************
 Defined at:
		line 28 in file "C:\Program Files (x86)\Microchip\xc8\v1.33\sources\common\lwtoft.c"
 Parameters:    Size  Location     Type
  c               2   22[COMRAM] unsigned int 
 Auto vars:     Size  Location     Type
		None
 Return value:  Size  Location     Type
                  3   22[COMRAM] float 
 Registers used:
		wreg, status,2, status,0, cstack
 Tracked objects:
		On entry : 
		On exit  : 
		Unchanged: 
 Data sizes:     COMRAM   BANK0   BANK1   BANK2   BANK3   BANK4   BANK5
      Params:         3       0       0       0       0       0       0
      Locals:         0       0       0       0       0       0       0
      Temps:          0       0       0       0       0       0       0
      Totals:         3       0       0       0       0       0       0
Total ram usage:        3 bytes
 Hardware stack levels used:    1
 Hardware stack levels required when called:    2
 This function calls:
		___ftpack
 This function is called by:
		_main
 This function uses a non-reentrant model


 *************** function ___fttol *****************
 Defined at:
		line 44 in file "C:\Program Files (x86)\Microchip\xc8\v1.33\sources\common\fttol.c"
 Parameters:    Size  Location     Type
  f1              3   55[COMRAM] float 
 Auto vars:     Size  Location     Type
  lval            4    1[BANK0 ] unsigned long 
  exp1            1    5[BANK0 ] unsigned char 
  sign1           1    0[BANK0 ] unsigned char 
 Return value:  Size  Location     Type
                  4   55[COMRAM] long 
 Registers used:
		wreg, status,2, status,0
 Tracked objects:
		On entry : 
		On exit  : 
		Unchanged: 
 Data sizes:     COMRAM   BANK0   BANK1   BANK2   BANK3   BANK4   BANK5
      Params:         4       0       0       0       0       0       0
      Locals:         0       6       0       0       0       0       0
      Temps:          5       0       0       0       0       0       0
      Totals:         9       6       0       0       0       0       0
Total ram usage:       15 bytes
 Hardware stack levels used:    1
 Hardware stack levels required when called:    1
 This function calls:
		Nothing
 This function is called by:
		_main
 This function uses a non-reentrant model


 *************** function ___ftsub *****************
 Defined at:
		line 20 in file "C:\Program Files (x86)\Microchip\xc8\v1.33\sources\common\ftsub.c"
 Parameters:    Size  Location     Type
  f1              3   55[COMRAM] float 
  f2              3   58[COMRAM] float 
 Auto vars:     Size  Location     Type
		None
 Return value:  Size  Location     Type
                  3   55[COMRAM] float 
 Registers used:
		wreg, status,2, status,0, cstack
 Tracked objects:
		On entry : 
		On exit  : 
		Unchanged: 
 Data sizes:     COMRAM   BANK0   BANK1   BANK2   BANK3   BANK4   BANK5
      Params:         6       0       0       0       0       0       0
      Locals:         0       0       0       0       0       0       0
      Temps:          0       0       0       0       0       0       0
      Totals:         6       0       0       0       0       0       0
Total ram usage:        6 bytes
 Hardware stack levels used:    1
 Hardware stack levels required when called:    3
 This function calls:
		___ftadd
 This function is called by:
		_main
 This function uses a non-reentrant model


 *************** function ___ftadd *****************
 Defined at:
		line 86 in file "C:\Program Files (x86)\Microchip\xc8\v1.33\sources\common\ftadd.c"
 Parameters:    Size  Location     Type
  f1              3   43[COMRAM] float 
  f2              3   46[COMRAM] float 
 Auto vars:     Size  Location     Type
  exp1            1   54[COMRAM] unsigned char 
  exp2            1   53[COMRAM] unsigned char 
  sign            1   52[COMRAM] unsigned char 
 Return value:  Size  Location     Type
                  3   43[COMRAM] float 
 Registers used:
		wreg, status,2, status,0, cstack
 Tracked objects:
		On entry : 
		On exit  : 
		Unchanged: 
 Data sizes:     COMRAM   BANK0   BANK1   BANK2   BANK3   BANK4   BANK5
      Params:         6       0       0       0       0       0       0
      Locals:         3       0       0       0       0       0       0
      Temps:          3       0       0       0       0       0       0
      Totals:        12       0       0       0       0       0       0
Total ram usage:       12 bytes
 Hardware stack levels used:    1
 Hardware stack levels required when called:    2
 This function calls:
		___ftpack
 This function is called by:
		_main
		___ftsub
 This function uses a non-reentrant model


 *************** function ___ftneg *****************
 Defined at:
		line 15 in file "C:\Program Files (x86)\Microchip\xc8\v1.33\sources\common\ftneg.c"
 Parameters:    Size  Location     Type
  f1              3   40[COMRAM] float 
 Auto vars:     Size  Location     Type
		None
 Return value:  Size  Location     Type
                  3   40[COMRAM] float 
 Registers used:
		wreg, status,2, status,0
 Tracked objects:
		On entry : 
		On exit  : 
		Unchanged: 
 Data sizes:     COMRAM   BANK0   BANK1   BANK2   BANK3   BANK4   BANK5
      Params:         3       0       0       0       0       0       0
      Locals:         0       0       0       0       0       0       0
      Temps:          0       0       0       0       0       0       0
      Totals:         3       0       0       0       0       0       0
Total ram usage:        3 bytes
 Hardware stack levels used:    1
 Hardware stack levels required when called:    1
 This function calls:
		Nothing
 This function is called by:
		_main
 This function uses a non-reentrant model


 *************** function ___ftmul *****************
 Defined at:
		line 62 in file "C:\Program Files (x86)\Microchip\xc8\v1.33\sources\common\ftmul.c"
 Parameters:    Size  Location     Type
  f1              3   25[COMRAM] float 
  f2              3   28[COMRAM] float 
 Auto vars:     Size  Location     Type
  f3_as_produc    3   35[COMRAM] unsigned um
  sign            1   39[COMRAM] unsigned char 
  cntr            1   38[COMRAM] unsigned char 
  exp             1   34[COMRAM] unsigned char 
 Return value:  Size  Location     Type
                  3   25[COMRAM] float 
 Registers used:
		wreg, status,2, status,0, cstack
 Tracked objects:
		On entry : 
		On exit  : 
		Unchanged: 
 Data sizes:     COMRAM   BANK0   BANK1   BANK2   BANK3   BANK4   BANK5
      Params:         6       0       0       0       0       0       0
      Locals:         6       0       0       0       0       0       0
      Temps:          3       0       0       0       0       0       0
      Totals:        15       0       0       0       0       0       0
Total ram usage:       15 bytes
 Hardware stack levels used:    1
 Hardware stack levels required when called:    2
 This function calls:
		___ftpack
 This function is called by:
		_main
 This function uses a non-reentrant model


 *************** function ___ftge *****************
 Defined at:
		line 4 in file "C:\Program Files (x86)\Microchip\xc8\v1.33\sources\common\ftge.c"
 Parameters:    Size  Location     Type
  ff1             3   14[COMRAM] float 
  ff2             3   17[COMRAM] float 
 Auto vars:     Size  Location     Type
		None
 Return value:  Size  Location     Type
		None               void
 Registers used:
		wreg, status,2, status,0
 Tracked objects:
		On entry : 
		On exit  : 
		Unchanged: 
 Data sizes:     COMRAM   BANK0   BANK1   BANK2   BANK3   BANK4   BANK5
      Params:         6       0       0       0       0       0       0
      Locals:         0       0       0       0       0       0       0
      Temps:          3       0       0       0       0       0       0
      Totals:         9       0       0       0       0       0       0
Total ram usage:        9 bytes
 Hardware stack levels used:    1
 Hardware stack levels required when called:    1
 This function calls:
		Nothing
 This function is called by:
		_main
 This function uses a non-reentrant model


 *************** function ___ftdiv *****************
 Defined at:
		line 49 in file "C:\Program Files (x86)\Microchip\xc8\v1.33\sources\common\ftdiv.c"
 Parameters:    Size  Location     Type
  f1              3   40[COMRAM] float 
  f2              3   43[COMRAM] float 
 Auto vars:     Size  Location     Type
  f3              3   50[COMRAM] float 
  sign            1   54[COMRAM] unsigned char 
  exp             1   53[COMRAM] unsigned char 
  cntr            1   49[COMRAM] unsigned char 
 Return value:  Size  Location     Type
                  3   40[COMRAM] float 
 Registers used:
		wreg, status,2, status,0, cstack
 Tracked objects:
		On entry : 
		On exit  : 
		Unchanged: 
 Data sizes:     COMRAM   BANK0   BANK1   BANK2   BANK3   BANK4   BANK5
      Params:         6       0       0       0       0       0       0
      Locals:         6       0       0       0       0       0       0
      Temps:          3       0       0       0       0       0       0
      Totals:        15       0       0       0       0       0       0
Total ram usage:       15 bytes
 Hardware stack levels used:    1
 Hardware stack levels required when called:    2
 This function calls:
		___ftpack
 This function is called by:
		_main
 This function uses a non-reentrant model


 *************** function ___ftpack *****************
 Defined at:
		line 62 in file "C:\Program Files (x86)\Microchip\xc8\v1.33\sources\common\float.c"
 Parameters:    Size  Location     Type
  arg             3   14[COMRAM] unsigned um
  exp             1   17[COMRAM] unsigned char 
  sign            1   18[COMRAM] unsigned char 
 Auto vars:     Size  Location     Type
		None
 Return value:  Size  Location     Type
                  3   14[COMRAM] float 
 Registers used:
		wreg, status,2, status,0
 Tracked objects:
		On entry : 
		On exit  : 
		Unchanged: 
 Data sizes:     COMRAM   BANK0   BANK1   BANK2   BANK3   BANK4   BANK5
      Params:         5       0       0       0       0       0       0
      Locals:         0       0       0       0       0       0       0
      Temps:          3       0       0       0       0       0       0
      Totals:         8       0       0       0       0       0       0
Total ram usage:        8 bytes
 Hardware stack levels used:    1
 Hardware stack levels required when called:    1
 This function calls:
		Nothing
 This function is called by:
		___ftadd
		___ftdiv
		___ftmul
		___lwtoft
 This function uses a non-reentrant model


 *************** function _UART_INIT *****************
 Defined at:
		line 314 in file "main.c"
 Parameters:    Size  Location     Type
		None
 Auto vars:     Size  Location     Type
		None
 Return value:  Size  Location     Type
		None               void
 Registers used:
		wreg, status,2
 Tracked objects:
		On entry : 
		On exit  : 
		Unchanged: 
 Data sizes:     COMRAM   BANK0   BANK1   BANK2   BANK3   BANK4   BANK5
      Params:         0       0       0       0       0       0       0
      Locals:         0       0       0       0       0       0       0
      Temps:          0       0       0       0       0       0       0
      Totals:         0       0       0       0       0       0       0
Total ram usage:        0 bytes
 Hardware stack levels used:    1
 Hardware stack levels required when called:    1
 This function calls:
		Nothing
 This function is called by:
		_main
 This function uses a non-reentrant model


 *************** function _PWM_OUT *****************
 Defined at:
		line 248 in file "main.c"
 Parameters:    Size  Location     Type
  duty_cycle      2   64[COMRAM] unsigned int 
 Auto vars:     Size  Location     Type
		None
 Return value:  Size  Location     Type
		None               void
 Registers used:
		wreg, status,2, status,0
 Tracked objects:
		On entry : 
		On exit  : 
		Unchanged: 
 Data sizes:     COMRAM   BANK0   BANK1   BANK2   BANK3   BANK4   BANK5
      Params:         2       0       0       0       0       0       0
      Locals:         0       0       0       0       0       0       0
      Temps:          0       2       0       0       0       0       0
      Totals:         2       2       0       0       0       0       0
Total ram usage:        4 bytes
 Hardware stack levels used:    1
 Hardware stack levels required when called:    1
 This function calls:
		Nothing
 This function is called by:
		_main
 This function uses a non-reentrant model


 *************** function _LOW_BATTERY *****************
 Defined at:
		line 292 in file "main.c"
 Parameters:    Size  Location     Type
		None
 Auto vars:     Size  Location     Type
  delayy          1   18[COMRAM] unsigned char 
 Return value:  Size  Location     Type
		None               void
 Registers used:
		wreg, status,2, status,0, tblptrl, tblptrh, tblptru, cstack
 Tracked objects:
		On entry : 
		On exit  : 
		Unchanged: 
 Data sizes:     COMRAM   BANK0   BANK1   BANK2   BANK3   BANK4   BANK5
      Params:         0       0       0       0       0       0       0
      Locals:         1       0       0       0       0       0       0
      Temps:          1       0       0       0       0       0       0
      Totals:         2       0       0       0       0       0       0
Total ram usage:        2 bytes
 Hardware stack levels used:    1
 Hardware stack levels required when called:    3
 This function calls:
		_lcd_goto
		_lcd_writesc
 This function is called by:
		_main
 This function uses a non-reentrant model


 *************** function _lcd_writesc *****************
 Defined at:
		line 65 in file "lcd.c"
 Parameters:    Size  Location     Type
  s               2   15[COMRAM] PTR const unsigned char 
		 -> STR_6(17), STR_5(17), STR_4(4), STR_3(7), 
		 -> STR_2(7), STR_1(7), 
 Auto vars:     Size  Location     Type
		None
 Return value:  Size  Location     Type
		None               void
 Registers used:
		wreg, status,2, status,0, tblptrl, tblptrh, tblptru, cstack
 Tracked objects:
		On entry : 
		On exit  : 
		Unchanged: 
 Data sizes:     COMRAM   BANK0   BANK1   BANK2   BANK3   BANK4   BANK5
      Params:         2       0       0       0       0       0       0
      Locals:         0       0       0       0       0       0       0
      Temps:          0       0       0       0       0       0       0
      Totals:         2       0       0       0       0       0       0
Total ram usage:        2 bytes
 Hardware stack levels used:    1
 Hardware stack levels required when called:    2
 This function calls:
		_lcd_write
 This function is called by:
		_main
		_show_values
		_LOW_BATTERY
 This function uses a non-reentrant model


 *************** function _lcd_goto *****************
 Defined at:
		line 79 in file "lcd.c"
 Parameters:    Size  Location     Type
  pos             1    wreg     unsigned char 
 Auto vars:     Size  Location     Type
  pos             1   15[COMRAM] unsigned char 
 Return value:  Size  Location     Type
		None               void
 Registers used:
		wreg, status,2, status,0, cstack
 Tracked objects:
		On entry : 
		On exit  : 
		Unchanged: 
 Data sizes:     COMRAM   BANK0   BANK1   BANK2   BANK3   BANK4   BANK5
      Params:         0       0       0       0       0       0       0
      Locals:         1       0       0       0       0       0       0
      Temps:          0       0       0       0       0       0       0
      Totals:         1       0       0       0       0       0       0
Total ram usage:        1 bytes
 Hardware stack levels used:    1
 Hardware stack levels required when called:    2
 This function calls:
		_lcd_write
 This function is called by:
		_main
		_show_values
		_show_clock
		_LOW_BATTERY
 This function uses a non-reentrant model


 *************** function _lcd_write *****************
 Defined at:
		line 40 in file "lcd.c"
 Parameters:    Size  Location     Type
  c               1    wreg     unsigned char 
 Auto vars:     Size  Location     Type
  c               1   14[COMRAM] unsigned char 
 Return value:  Size  Location     Type
		None               void
 Registers used:
		wreg, status,2, cstack
 Tracked objects:
		On entry : 
		On exit  : 
		Unchanged: 
 Data sizes:     COMRAM   BANK0   BANK1   BANK2   BANK3   BANK4   BANK5
      Params:         0       0       0       0       0       0       0
      Locals:         1       0       0       0       0       0       0
      Temps:          0       0       0       0       0       0       0
      Totals:         1       0       0       0       0       0       0
Total ram usage:        1 bytes
 Hardware stack levels used:    1
 Hardware stack levels required when called:    1
 This function calls:
		Nothing
 This function is called by:
		_show_values
		_show_clock
		_lcd_clear
		_lcd_writesc
		_lcd_goto
		_lcd_cmd
		_lcd_writesv
 This function uses a non-reentrant model


 *************** function _ADC_10bit *****************
 Defined at:
		line 237 in file "main.c"
 Parameters:    Size  Location     Type
  channel         1    wreg     unsigned char 
 Auto vars:     Size  Location     Type
  channel         1   18[COMRAM] unsigned char 
 Return value:  Size  Location     Type
                  2   14[COMRAM] unsigned int 
 Registers used:
		wreg, status,2, status,0
 Tracked objects:
		On entry : 
		On exit  : 
		Unchanged: 
 Data sizes:     COMRAM   BANK0   BANK1   BANK2   BANK3   BANK4   BANK5
      Params:         2       0       0       0       0       0       0
      Locals:         1       0       0       0       0       0       0
      Temps:          2       0       0       0       0       0       0
      Totals:         5       0       0       0       0       0       0
Total ram usage:        5 bytes
 Hardware stack levels used:    1
 Hardware stack levels required when called:    1
 This function calls:
		Nothing
 This function is called by:
		_main
 This function uses a non-reentrant model


 *************** function _isr *****************
 Defined at:
		line 214 in file "main.c"
 Parameters:    Size  Location     Type
		None
 Auto vars:     Size  Location     Type
		None
 Return value:  Size  Location     Type
		None               void
 Registers used:
		wreg, status,2, status,0
 Tracked objects:
		On entry : 
		On exit  : 
		Unchanged: 
 Data sizes:     COMRAM   BANK0   BANK1   BANK2   BANK3   BANK4   BANK5
      Params:         0       0       0       0       0       0       0
      Locals:         0       0       0       0       0       0       0
      Temps:         14       0       0       0       0       0       0
      Totals:        14       0       0       0       0       0       0
Total ram usage:       14 bytes
 Hardware stack levels used:    1
 This function calls:
		Nothing
 This function is called by:
		Interrupt level 2
 This function uses a non-reentrant model



MODULE INFORMATION

Module		Function		Class		Link	Load	Size
C:\Program Files (x86)\Microchip\xc8\v1.33\sources\common\ftneg.c
		___ftneg       		CODE           	1884	0000	38

C:\Program Files (x86)\Microchip\xc8\v1.33\sources\common\ftneg.c estimated size: 38

C:\Program Files (x86)\Microchip\xc8\v1.33\sources\common\ftge.c
		___ftge        		CODE           	1488	0000	144

C:\Program Files (x86)\Microchip\xc8\v1.33\sources\common\ftge.c estimated size: 144

C:\Program Files (x86)\Microchip\xc8\v1.33\sources\common\ftsub.c
		___ftsub       		CODE           	17FE	0000	54

C:\Program Files (x86)\Microchip\xc8\v1.33\sources\common\ftsub.c estimated size: 54

C:\Program Files (x86)\Microchip\xc8\v1.33\sources\common\float.c
		___ftpack      		CODE           	12AC	0000	168

C:\Program Files (x86)\Microchip\xc8\v1.33\sources\common\float.c estimated size: 168

C:\Program Files (x86)\Microchip\xc8\v1.33\sources\common\lwmod.c
		___lwmod       		CODE           	17BC	0000	66

C:\Program Files (x86)\Microchip\xc8\v1.33\sources\common\lwmod.c estimated size: 66

C:\Program Files (x86)\Microchip\xc8\v1.33\sources\common\awmod.c
		___awmod       		CODE           	13F8	0000	144

C:\Program Files (x86)\Microchip\xc8\v1.33\sources\common\awmod.c estimated size: 144

C:\Program Files (x86)\Microchip\xc8\v1.33\sources\common\ftmul.c
		___ftmul       		CODE           	0F6A	0000	240

C:\Program Files (x86)\Microchip\xc8\v1.33\sources\common\ftmul.c estimated size: 240

C:\Program Files (x86)\Microchip\xc8\v1.33\sources\common\ftdiv.c
		___ftdiv       		CODE           	105A	0000	226

C:\Program Files (x86)\Microchip\xc8\v1.33\sources\common\ftdiv.c estimated size: 226

C:\Program Files (x86)\Microchip\xc8\v1.33\sources\common\lwdiv.c
		___lwdiv       		CODE           	16DE	0000	82

C:\Program Files (x86)\Microchip\xc8\v1.33\sources\common\lwdiv.c estimated size: 82

C:\Program Files (x86)\Microchip\xc8\v1.33\sources\common\awdiv.c
		___awdiv       		CODE           	1354	0000	164

C:\Program Files (x86)\Microchip\xc8\v1.33\sources\common\awdiv.c estimated size: 164

shared
		__stringdata   		SMALLCONST     	0601	0000	45
		__initializatio		CODE           	185E	0000	24

shared estimated size: 69

C:\Program Files (x86)\Microchip\xc8\v1.33\sources\common\fttol.c
		___fttol       		CODE           	0E34	0000	310

C:\Program Files (x86)\Microchip\xc8\v1.33\sources\common\fttol.c estimated size: 310

lcd.c
		_lcd_cmd       		CODE           	1918	0000	14
		_lcd_clear     		CODE           	18EE	0000	26
		_lcd_goto      		CODE           	1908	0000	16
		_lcd_write     		CODE           	1618	0000	104
		_lcd_writesc   		CODE           	1834	0000	42
		_lcd_init      		CODE           	1518	0000	132

lcd.c estimated size: 334

C:\Program Files (x86)\Microchip\xc8\v1.33\sources\common\ftadd.c
		___ftadd       		CODE           	0C88	0000	428

C:\Program Files (x86)\Microchip\xc8\v1.33\sources\common\ftadd.c estimated size: 428

main.c
		_LOW_BATTERY   		CODE           	1680	0000	94
		_init          		CODE           	159C	0000	124
		_show_values   		CODE           	113C	0000	184
		_UART_INIT     		CODE           	18CE	0000	32
		_show_clock    		CODE           	11F4	0000	184
		_main          		CODE           	0630	0000	1624
		_isr           		CODE           	0008	0000	190
		_ADC_10bit     		CODE           	1778	0000	68
		_PWM_OUT       		CODE           	1730	0000	72

main.c estimated size: 2572

C:\Program Files (x86)\Microchip\xc8\v1.33\sources\common\lwtoft.c
		___lwtoft      		CODE           	18AA	0000	36

C:\Program Files (x86)\Microchip\xc8\v1.33\sources\common\lwtoft.c estimated size: 36

