 dynamorio

 Timestamp is 52ac94ec (Sat Dec 14 12:27:08 2013)

 Preferred load address is 71000000

 Start         Length     Name                   Class
 0001:00000000 000be19aH .text                   CODE
 0002:00000000 000001ecH .idata$5                DATA
 0002:000001f0 0003661aH .rdata                  DATA
 0002:0003680c 00000014H .idata$2                DATA
 0002:00036820 00000014H .idata$3                DATA
 0002:00036834 000001ecH .idata$4                DATA
 0002:00036a20 00000952H .idata$6                DATA
 0002:00037380 0000553eH .edata                  DATA
 0002:0003c8c0 00000078H .rdata$debug            DATA
 0003:00000000 00013a00H .data                   DATA
 0003:00014000 0001c8e4H .bss                    DATA
 0004:00000000 000008daH .fspdata                DATA
 0005:00000000 000001f0H .cspdata                DATA
 0006:00000000 00004104H .nspdata                DATA
 0007:00000000 000000a0H .rsrc$01                DATA
 0007:000000a0 00002ca8H .rsrc$02                DATA

  Address         Publics by Value              Rva+Base       Lib:Object

 0000:00000000       __except_list              00000000     <absolute>
 0000:00009876       __fltused                  00009876     <absolute>
 0000:00009876       __ldused                   00009876     <absolute>
 0001:00000120       _parse_word                71001120 f   options.c.obj
 0001:0000e0d0       _check_param_bounds        7100f0d0 f   options.c.obj
 0001:0000e170       _get_dynamo_options_string 7100f170 f   options.c.obj
 0001:0001a4a0       _get_pcache_dynamo_options_string 7101b4a0 f   options.c.obj
 0001:00023380       _has_pcache_dynamo_options 71024380 f   options.c.obj
 0001:00024ef0       _check_list_default_and_append 71025ef0 f   options.c.obj
 0001:00024f70       _options_exit              71025f70 f   options.c.obj
 0001:00024f80       _options_make_writable     71025f80 f   options.c.obj
 0001:00024fb0       _options_restore_readonly  71025fb0 f   options.c.obj
 0001:00024fe0       _synchronize_dynamic_options 71025fe0 f   options.c.obj
 0001:00025150       _get_process_options       71026150 f   options.c.obj
 0001:000251e0       _dr_get_string_option      710261e0 f   options.c.obj
 0001:00025790       _dr_get_integer_option     71026790 f   options.c.obj
 0001:0002c7e0       _options_init              7102d7e0 f   options.c.obj
 0001:0002c840       _opnd_is_immed             7102d840 f i dynamo.c.obj
 0001:0002c860       _opnd_is_pc                7102d860 f i dynamo.c.obj
 0001:0002c880       _opnd_is_instr             7102d880 f i dynamo.c.obj
 0001:0002c8a0       _opnd_is_near_base_disp    7102d8a0 f i dynamo.c.obj
 0001:0002c8c0       _opnd_create_null          7102d8c0 f i dynamo.c.obj
 0001:0002c8c0       _shared_library_error      7102d8c0 f i os.c.obj
 0001:0002c8d0       _opnd_create_reg           7102d8d0 f i dynamo.c.obj
 0001:0002c8e0       _opnd_create_pc            7102d8e0 f i dynamo.c.obj
 0001:0002c8f0       _instr_ok_to_mangle        7102d8f0 f i dynamo.c.obj
 0001:0002c900       _instr_operands_valid      7102d900 f i dynamo.c.obj
 0001:0002c910       _instr_raw_bits_valid      7102d910 f i dynamo.c.obj
 0001:0002c920       _instr_has_allocated_bits  7102d920 f i dynamo.c.obj
 0001:0002c930       _instr_needs_encoding      7102d930 f i dynamo.c.obj
 0001:0002c940       _instr_ok_to_emit          7102d940 f i dynamo.c.obj
 0001:0002c950       _instr_num_srcs            7102d950 f i dynamo.c.obj
 0001:0002c970       _instr_num_dsts            7102d970 f i dynamo.c.obj
 0001:0002c990       _instr_set_note            7102d990 f i dynamo.c.obj
 0001:0002c9a0       _instr_get_note            7102d9a0 f i dynamo.c.obj
 0001:0002c9b0       _instr_get_next            7102d9b0 f i dynamo.c.obj
 0001:0002c9c0       _instr_get_prev            7102d9c0 f i dynamo.c.obj
 0001:0002c9d0       _instr_set_next            7102d9d0 f i dynamo.c.obj
 0001:0002c9e0       _instr_set_prev            7102d9e0 f i dynamo.c.obj
 0001:0002cdd0       _get_dr_stats              7102ddd0 f   dynamo.c.obj
 0001:0002cde0       _standalone_init           7102dde0 f   dynamo.c.obj
 0001:0002ce40       _dynamo_process_exit_with_thread_info 7102de40 f   dynamo.c.obj
 0001:0002ce50       _create_new_dynamo_context 7102de50 f   dynamo.c.obj
 0001:0002cf90       _initialize_dynamo_context 7102df90 f   dynamo.c.obj
 0001:0002d030       _create_callback_dcontext  7102e030 f   dynamo.c.obj
 0001:0002d190       _is_thread_initialized     7102e190 f   dynamo.c.obj
 0001:0002d1a0       _get_num_threads           7102e1a0 f   dynamo.c.obj
 0001:0002d1b0       _is_last_app_thread        7102e1b0 f   dynamo.c.obj
 0001:0002d250       _get_list_of_threads       7102e250 f   dynamo.c.obj
 0001:0002d260       _thread_lookup             7102e260 f   dynamo.c.obj
 0001:0002d2c0       _get_thread_num            7102e2c0 f   dynamo.c.obj
 0001:0002d2e0       _add_thread                7102e2e0 f   dynamo.c.obj
 0001:0002d3f0       _remove_thread             7102e3f0 f   dynamo.c.obj
 0001:0002d4a0       _dr_app_start_helper       7102e4a0 f   dynamo.c.obj
 0001:0002d4e0       _dynamo_thread_under_dynamo 7102e4e0 f   dynamo.c.obj
 0001:0002d4f0       _dynamo_thread_not_under_dynamo 7102e4f0 f   dynamo.c.obj
 0001:0002d510       _dynamorio_take_over_threads 7102e510 f   dynamo.c.obj
 0001:0002d630       _protect_data_section      7102e630 f   dynamo.c.obj
 0001:0002d750       _is_on_initstack           7102e750 f   dynamo.c.obj
 0001:0002d770       _is_on_dstack              7102e770 f   dynamo.c.obj
 0001:0002d7a0       _is_currently_on_dstack    7102e7a0 f   dynamo.c.obj
 0001:0002d7d0       _pre_second_thread         7102e7d0 f   dynamo.c.obj
 0001:0002d8b0       _dynamo_process_exit       7102e8b0 f   dynamo.c.obj
 0001:0002db50       _is_thread_known           7102eb50 f   dynamo.c.obj
 0001:0002db70       _dynamo_thread_init        7102eb70 f   dynamo.c.obj
 0001:0002ddf0       _dynamorio_app_take_over_helper 7102edf0 f   dynamo.c.obj
 0001:0002e260       _entering_dynamorio        7102f260 f   dynamo.c.obj
 0001:0002e290       _exiting_dynamorio         7102f290 f   dynamo.c.obj
 0001:0002e2d0       _dynamorio_app_init        7102f2d0 f   dynamo.c.obj
 0001:0002e590       _dynamorio_app_exit        7102f590 f   dynamo.c.obj
 0001:0002e7a0       _dynamo_thread_exit        7102f7a0 f   dynamo.c.obj
 0001:0002e7c0       _dynamo_other_thread_exit  7102f7c0 f   dynamo.c.obj
 0001:0002ea50       _dynamo_thread_stack_free_and_exit 7102fa50 f   dynamo.c.obj
 0001:0002eaa0       _dr_app_setup              7102faa0 f   dynamo.c.obj
 0001:0002eab0       _dr_app_cleanup            7102fab0 f   dynamo.c.obj
 0001:0002eb90       _dr_app_setup_and_start    7102fb90 f   dynamo.c.obj
 0001:0002ebb0       _dynamorio_app_init_and_early_takeover 7102fbb0 f   dynamo.c.obj
 0001:0002ebe0       _dynamorio_earliest_init_takeover_C 7102fbe0 f   dynamo.c.obj
 0001:0002ec10       _dynamo_shared_exit        7102fc10 f   dynamo.c.obj
 0001:0002f540       _fragment_initialized      71030540 f   fragment.c.obj
 0001:0002f810       _fragment_create           71030810 f   fragment.c.obj
 0001:0002f920       _fragment_recreate_with_linkstubs 71030920 f   fragment.c.obj
 0001:0002fab0       _fragment_free             71030ab0 f   fragment.c.obj
 0001:0002fca0       _fragment_stubs_end_pc     71030ca0 f   fragment.c.obj
 0001:0002fcd0       _fragment_body_end_pc      71030cd0 f   fragment.c.obj
 0001:0002fe50       _fragment_get_fragment_delete_mutex 71030e50 f   fragment.c.obj
 0001:0002fe80       _fragment_release_fragment_delete_mutex 71030e80 f   fragment.c.obj
 0001:0002ffc0       _fragment_lookup           71030fc0 f   fragment.c.obj
 0001:0002ffe0       _fragment_lookup_trace     71030fe0 f   fragment.c.obj
 0001:00030000       _fragment_lookup_bb        71031000 f   fragment.c.obj
 0001:00030020       _fragment_lookup_shared_bb 71031020 f   fragment.c.obj
 0001:00030040       _fragment_lookup_same_sharing 71031040 f   fragment.c.obj
 0001:00030070       _fragment_pclookup         71031070 f   fragment.c.obj
 0001:00030080       _fragment_pclookup_with_linkstubs 71031080 f   fragment.c.obj
 0001:000300d0       _fragment_record_translation_info 710310d0 f   fragment.c.obj
 0001:00030290       _fragment_remove_from_ibt_tables 71031290 f   fragment.c.obj
 0001:00030460       _fragment_remove           71031460 f   fragment.c.obj
 0001:00030570       _fragment_replace          71031570 f   fragment.c.obj
 0001:00030780       _fragment_shift_fcache_pointers 71031780 f   fragment.c.obj
 0001:00030930       _fragment_copy_data_fields 71031930 f   fragment.c.obj
 0001:000309a0       _fragment_delete_future    710319a0 f   fragment.c.obj
 0001:00030ae0       _fragment_lookup_future    71031ae0 f   fragment.c.obj
 0001:00030bd0       _fragment_lookup_private_future 71031bd0 f   fragment.c.obj
 0001:00030c00       _fragment_overlaps         71031c00 f   fragment.c.obj
 0001:00030cd0       _get_flushtime_last_update 71031cd0 f   fragment.c.obj
 0001:00030cf0       _set_flushtime_last_update 71031cf0 f   fragment.c.obj
 0001:00030d10       _set_at_syscall            71031d10 f   fragment.c.obj
 0001:00030d30       _get_at_syscall            71031d30 f   fragment.c.obj
 0001:00030e70       _is_self_flushing          71031e70 f   fragment.c.obj
 0001:00030e90       _is_self_allsynch_flushing 71031e90 f   fragment.c.obj
 0001:00030eb0       _is_couldbelinking         71031eb0 f   fragment.c.obj
 0001:00030f70       _enter_couldbelinking      71031f70 f   fragment.c.obj
 0001:00030fe0       _enter_threadexit          71031fe0 f   fragment.c.obj
 0001:00031050       _increment_global_flushtime 71032050 f   fragment.c.obj
 0001:000311c0       _flush_fragments_unlink_shared 710321c0 f   fragment.c.obj
 0001:00031290       _flush_fragments_end_synch 71032290 f   fragment.c.obj
 0001:000313b0       _flush_fragments_in_region_finish 710323b0 f   fragment.c.obj
 0001:00032060       _hashtable_coarse_resurrect 71033060 f   fragment.c.obj
 0001:000320e0       _fragment_coarse_num_entries 710330e0 f   fragment.c.obj
 0001:00032220       _fragment_coarse_lookup_in_unit 71033220 f   fragment.c.obj
 0001:00032300       _fragment_coarse_lookup    71033300 f   fragment.c.obj
 0001:00032350       _fragment_coarse_wrapper   71033350 f   fragment.c.obj
 0001:00032380       _fragment_coarse_lookup_wrapper 71033380 f   fragment.c.obj
 0001:000323d0       _fragment_lookup_fine_and_coarse 710333d0 f   fragment.c.obj
 0001:00032420       _fragment_lookup_fine_and_coarse_sharing 71033420 f   fragment.c.obj
 0001:00032490       _get_fragment_coarse_info  71033490 f   fragment.c.obj
 0001:000324b0       _coarse_is_trace_head_in_own_unit 710334b0 f   fragment.c.obj
 0001:00032540       _fragment_coarse_replace   71033540 f   fragment.c.obj
 0001:000325e0       _fragment_coarse_pclookup  710335e0 f   fragment.c.obj
 0001:000329e0       _fragment_coarse_htable_persist_size 710339e0 f   fragment.c.obj
 0001:00032a10       _fragment_coarse_htable_persist 71033a10 f   fragment.c.obj
 0001:00032a70       _fragment_coarse_htable_resurrect 71033a70 f   fragment.c.obj
 0001:00033020       _fragment_reset_init       71034020 f   fragment.c.obj
 0001:00033220       _fragment_init             71034220 f   fragment.c.obj
 0001:00033350       _fragment_thread_reset_init 71034350 f   fragment.c.obj
 0001:00033730       _fragment_thread_init      71034730 f   fragment.c.obj
 0001:000339e0       _fragment_prepare_for_removal 710349e0 f   fragment.c.obj
 0001:00033c50       _fragment_remove_all_ibl_in_region 71034c50 f   fragment.c.obj
 0001:00033ce0       _is_self_couldbelinking    71034ce0 f   fragment.c.obj
 0001:00034020       _flush_fragments_synch_unlink_priv 71035020 f   fragment.c.obj
 0001:000342d0       _flush_invalidate_ibl_shared_target 710352d0 f   fragment.c.obj
 0001:00034350       _fragment_output           71035350 f   fragment.c.obj
 0001:000345c0       _fragment_coarse_htable_create 710355c0 f   fragment.c.obj
 0001:00034830       _fragment_coarse_free_entry_pclookup_table 71035830 f   fragment.c.obj
 0001:00034850       _fragment_coarse_htable_free 71035850 f   fragment.c.obj
 0001:00034c70       _fragment_delete           71035c70 f   fragment.c.obj
 0001:00034e70       _fragment_remove_shared_no_flush 71035e70 f   fragment.c.obj
 0001:00034f90       _fragment_unlink_for_deletion 71035f90 f   fragment.c.obj
 0001:00035100       _fragment_self_write       71036100 f   fragment.c.obj
 0001:00035230       _flush_fragments_in_region_start 71036230 f   fragment.c.obj
 0001:000353b0       _flush_fragments_and_remove_region 710363b0 f   fragment.c.obj
 0001:000353f0       _flush_fragments_from_region 710363f0 f   fragment.c.obj
 0001:00035420       _invalidate_code_cache     71036420 f   fragment.c.obj
 0001:00035b10       _fragment_reset_free       71036b10 f   fragment.c.obj
 0001:00035d20       _fragment_thread_reset_free 71036d20 f   fragment.c.obj
 0001:00035d70       _fragment_thread_exit      71036d70 f   fragment.c.obj
 0001:00035f70       _fragment_add_ibl_target   71036f70 f   fragment.c.obj
 0001:000361c0       _enter_nolinking           710371c0 f   fragment.c.obj
 0001:00036470       _fragment_coarse_htable_merge 71037470 f   fragment.c.obj
 0001:00036540       _fragment_coarse_add       71037540 f   fragment.c.obj
 0001:000365a0       _fragment_coarse_th_unlink_and_add 710375a0 f   fragment.c.obj
 0001:00036630       _fragment_coarse_th_add    71037630 f   fragment.c.obj
 0001:00036690       _fragment_coarse_create_entry_pclookup_table 71037690 f   fragment.c.obj
 0001:00036820       _fragment_coarse_entry_pclookup 71037820 f   fragment.c.obj
 0001:00036c00       _fragment_coarse_unit_freeze 71037c00 f   fragment.c.obj
 0001:00036e00       _fragment_exit             71037e00 f   fragment.c.obj
 0001:00037070       _fragment_add              71038070 f   fragment.c.obj
 0001:00037110       _fragment_create_and_add_future 71038110 f   fragment.c.obj
 0001:00037230       _fcache_check_option_compatibility 71038230 f   fcache.c.obj
 0001:000378e0       _fcache_profile_exit       710388e0 f   fcache.c.obj
 0001:00037940       _fcache_fragment_pclookup  71038940 f   fcache.c.obj
 0001:00037ab0       _fcache_is_writable        71038ab0 f   fcache.c.obj
 0001:00037ad0       _fcache_change_fragment_protection 71038ad0 f   fcache.c.obj
 0001:00037b60       _in_fcache                 71038b60 f   fcache.c.obj
 0001:000382d0       _fcache_thread_init        710392d0 f   fcache.c.obj
 0001:00038370       _fcache_thread_exit        71039370 f   fcache.c.obj
 0001:00038b10       _fcache_shift_start_pc     71039b10 f   fcache.c.obj
 0001:00038bb0       _fcache_is_flush_pending   71039bb0 f   fcache.c.obj
 0001:00038de0       _fcache_flush_pending_units 71039de0 f   fcache.c.obj
 0001:00039110       _fcache_free_pending_units 7103a110 f   fcache.c.obj
 0001:00039180       _schedule_reset            7103a180 f   fcache.c.obj
 0001:000391c0       _fcache_low_on_memory      7103a1c0 f   fcache.c.obj
 0001:000393d0       _get_fcache_coarse_info    7103a3d0 f   fcache.c.obj
 0001:00039400       _fcache_coarse_cache_delete 7103a400 f   fcache.c.obj
 0001:00039430       _coarse_frozen_cache_size  7103a430 f   fcache.c.obj
 0001:00039450       _fcache_coarse_set_info    7103a450 f   fcache.c.obj
 0001:00039610       _fcache_exit               7103a610 f   fcache.c.obj
 0001:0003ac50       _fcache_return_extra_space 7103bc50 f   fcache.c.obj
 0001:0003b7d0       _fcache_add_fragment       7103c7d0 f   fcache.c.obj
 0001:0003b8f0       _fcache_remove_fragment    7103c8f0 f   fcache.c.obj
 0001:0003ba40       _fcache_coarse_init_frozen 7103ca40 f   fcache.c.obj
 0001:0003bae0       _fcache_init               7103cae0 f   fcache.c.obj
 0001:0003bba0       _fcache_reset_all_caches_proactively 7103cba0 f   fcache.c.obj
 0001:0003bd90       _link_reset_init           7103cd90 f   link.c.obj
 0001:0003bdc0       _link_reset_free           7103cdc0 f   link.c.obj
 0001:0003bde0       _link_thread_init          7103cde0 f   link.c.obj
 0001:0003be30       _link_thread_exit          7103ce30 f   link.c.obj
 0001:0003be50       _linkstub_size             7103ce50 f   link.c.obj
 0001:0003bec0       _linkstub_propagatable_flags 7103cec0 f   link.c.obj
 0001:0003bed0       _linkstub_frag_offs_at_end 7103ced0 f   link.c.obj
 0001:0003bf20       _linkstubs_heap_size       7103cf20 f   link.c.obj
 0001:0003bf80       _linkstub_fragment         7103cf80 f   link.c.obj
 0001:0003c0d0       _set_last_exit             7103d0d0 f   link.c.obj
 0001:0003c100       _last_exit_deleted         7103d100 f   link.c.obj
 0001:0003c300       _get_last_linkstub_ordinal 7103d300 f   link.c.obj
 0001:0003c310       _get_deleted_linkstub      7103d310 f   link.c.obj
 0001:0003c320       _get_starting_linkstub     7103d320 f   link.c.obj
 0001:0003c330       _get_reset_linkstub        7103d330 f   link.c.obj
 0001:0003c340       _get_syscall_linkstub      7103d340 f   link.c.obj
 0001:0003c350       _get_selfmod_linkstub      7103d350 f   link.c.obj
 0001:0003c360       _get_ibl_deleted_linkstub  7103d360 f   link.c.obj
 0001:0003c370       _get_asynch_linkstub       7103d370 f   link.c.obj
 0001:0003c380       _get_native_exec_linkstub  7103d380 f   link.c.obj
 0001:0003c390       _get_native_exec_syscall_linkstub 7103d390 f   link.c.obj
 0001:0003c3a0       _get_shared_syscalls_unlinked_linkstub 7103d3a0 f   link.c.obj
 0001:0003c3b0       _get_shared_syscalls_trace_linkstub 7103d3b0 f   link.c.obj
 0001:0003c3c0       _get_shared_syscalls_bb_linkstub 7103d3c0 f   link.c.obj
 0001:0003c3d0       _get_client_linkstub       7103d3d0 f   link.c.obj
 0001:0003c3e0       _is_ibl_sourceless_linkstub 7103d3e0 f   link.c.obj
 0001:0003c420       _get_ibl_sourceless_linkstub 7103d420 f   link.c.obj
 0001:0003c480       _get_special_ibl_linkstub  7103d480 f   link.c.obj
 0001:0003c4c0       _get_coarse_exit_linkstub  7103d4c0 f   link.c.obj
 0001:0003c4d0       _get_coarse_trace_head_exit_linkstub 7103d4d0 f   link.c.obj
 0001:0003c4e0       _local_exit_stub_size      7103d4e0 f   link.c.obj
 0001:0003c5a0       _separate_stub_create      7103d5a0 f   link.c.obj
 0001:0003c6d0       _linkstub_shares_next_stub 7103d6d0 f   link.c.obj
 0001:0003c850       _linkstub_free_exitstubs   7103d850 f   link.c.obj
 0001:0003c9a0       _linkstubs_shift           7103d9a0 f   link.c.obj
 0001:0003ca50       _is_linkable               7103da50 f   link.c.obj
 0001:0003cff0       _link_fragment_incoming    7103dff0 f   link.c.obj
 0001:0003d110       _unlink_fragment_incoming  7103e110 f   link.c.obj
 0001:0003d240       _unlink_fragment_outgoing  7103e240 f   link.c.obj
 0001:0003d370       _coarse_indirect_stub_size 7103e370 f   emit_utils.c.obj
 0001:0003d370       _coarse_stub_alignment     7103e370 f   link.c.obj
 0001:0003d380       _coarse_stubs_create       7103e380 f   link.c.obj
 0001:0003d450       _coarse_stubs_delete       7103e450 f   link.c.obj
 0001:0003d570       _fcache_return_coarse_prefix 7103e570 f   link.c.obj
 0001:0003d5a0       _trace_head_return_coarse_prefix 7103e5a0 f   link.c.obj
 0001:0003d5d0       _get_coarse_ibl_prefix     7103e5d0 f   link.c.obj
 0001:0003d610       _in_coarse_stubs           7103e610 f   link.c.obj
 0001:0003d630       _get_stub_coarse_info      7103e630 f   link.c.obj
 0001:0003d650       _coarse_frozen_stub_size   7103e650 f   link.c.obj
 0001:0003d7a0       _coarse_unit_shift_links   7103e7a0 f   link.c.obj
 0001:0003d9a0       _coarse_stubs_set_info     7103e9a0 f   link.c.obj
 0001:0003d9c0       _coarse_stubs_set_end_pc   7103e9c0 f   link.c.obj
 0001:0003d9e0       _link_init                 7103e9e0 f   link.c.obj
 0001:0003da10       _link_exit                 7103ea10 f   link.c.obj
 0001:0003da50       _linkstubs_init            7103ea50 f   link.c.obj
 0001:0003dac0       _set_coarse_ibl_exit       7103eac0 f   link.c.obj
 0001:0003db20       _should_separate_stub      7103eb20 f   link.c.obj
 0001:0003dd50       _link_fragment_outgoing    7103ed50 f   link.c.obj
 0001:0003e590       _coarse_remove_outgoing    7103f590 f   link.c.obj
 0001:0003e6e0       _coarse_mark_trace_head    7103f6e0 f   link.c.obj
 0001:0003e730       _coarse_unit_unlink_outgoing 7103f730 f   link.c.obj
 0001:0003e810       _coarse_lazy_link          7103f810 f   link.c.obj
 0001:0003ea00       _in_coarse_stub_prefixes   7103fa00 f   link.c.obj
 0001:0003ea50       _coarse_deref_ibl_prefix   7103fa50 f   link.c.obj
 0001:0003ea80       _coarse_update_outgoing    7103fa80 f   link.c.obj
 0001:0003eba0       _link_new_fragment         7103fba0 f   link.c.obj
 0001:0003ec40       _shift_links_to_new_fragment 7103fc40 f   link.c.obj
 0001:0003f410       _coarse_unit_unlink        71040410 f   link.c.obj
 0001:0003f5c0       _incoming_remove_fragment  710405c0 f   link.c.obj
 0001:0003f7d0       _is_stopping_point         710407d0 f   dispatch.c.obj
 0001:00040800       _handle_system_call        71041800 f   dispatch.c.obj
 0001:00040dd0       _issue_last_system_call_from_app 71041dd0 f   dispatch.c.obj
 0001:00041570       _dispatch                  71042570 f   dispatch.c.obj
 0001:00041990       _transfer_to_dispatch      71042990 f   dispatch.c.obj
 0001:00041a10       _final_exit_shares_prev_stub 71042a10 f   emit.c.obj
 0001:00041aa0       _set_linkstub_fields       71042aa0 f   emit.c.obj
 0001:00042700       _emit_invisible_fragment   71043700 f   emit.c.obj
 0001:00042730       _emit_fragment             71043730 f   emit.c.obj
 0001:00042760       _emit_fragment_ex          71043760 f   emit.c.obj
 0001:00042790       _emit_fragment_as_replacement 71043790 f   emit.c.obj
 0001:000427c0       _utils_init                710437c0 f   utils.c.obj
 0001:000427f0       _spinmutex_trylock         710437f0 f   utils.c.obj
 0001:00042810       _spinmutex_lock            71043810 f   utils.c.obj
 0001:00042840       _spinmutex_lock_no_yield   71043840 f   utils.c.obj
 0001:00042870       _spinmutex_unlock          71043870 f   utils.c.obj
 0001:00042880       _mutex_trylock             71043880 f   utils.c.obj
 0001:000428c0       _mutex_unlock              710438c0 f   utils.c.obj
 0001:000428f0       _try_recursive_lock        710438f0 f   utils.c.obj
 0001:00042950       _release_recursive_lock    71043950 f   utils.c.obj
 0001:00042990       _self_owns_recursive_lock  71043990 f   utils.c.obj
 0001:000429b0       _read_lock                 710439b0 f   utils.c.obj
 0001:00042a90       _write_trylock             71043a90 f   utils.c.obj
 0001:00042b10       _read_unlock               71043b10 f   utils.c.obj
 0001:00042b60       _write_unlock              71043b60 f   utils.c.obj
 0001:00042be0       _self_owns_write_lock      71043be0 f   utils.c.obj
 0001:00042c00       _hash_value                71043c00 f   utils.c.obj
 0001:00042c90       _hashtable_num_bits        71043c90 f   utils.c.obj
 0001:00042db0       _bitmap_initialize_free    71043db0 f   utils.c.obj
 0001:00042dd0       _bitmap_allocate_blocks    71043dd0 f   utils.c.obj
 0001:00042e30       _bitmap_free_blocks        71043e30 f   utils.c.obj
 0001:00042e60       _do_file_write             71043e60 f   utils.c.obj
 0001:00042ed0       _divide_uint64_print       71043ed0 f   utils.c.obj
 0001:00042f60       _double_print              71043f60 f   utils.c.obj
 0001:00043020       _print_file                71044020 f   utils.c.obj
 0001:000430a0       _print_to_buffer           710440a0 f   utils.c.obj
 0001:000430f0       _notify                    710440f0 f   utils.c.obj
 0001:000431e0       _report_app_problem        710441e0 f   utils.c.obj
 0001:000432f0       _is_readable_without_exception_try 710442f0 f   utils.c.obj
 0001:00043380       _is_string_readable_without_exception 71044380 f   utils.c.obj
 0001:00043490       _double_strchr             71044490 f   utils.c.obj
 0001:000434c0       _our_wcsnlen               710444c0 f   utils.c.obj
 0001:00043550       _str_case_prefix           71044550 f   utils.c.obj
 0001:00043660       _check_filter              71044660 f   utils.c.obj
 0001:00043680       _check_filter_with_wildcards 71044680 f   utils.c.obj
 0001:000436a0       _close_log_file            710446a0 f   utils.c.obj
 0001:000436a0       _dr_close_file             710446a0 f   instrument.c.obj
 0001:000436b0       _get_short_name            710446b0 f   utils.c.obj
 0001:00043710       _dump_buffer_as_bytes      71044710 f   utils.c.obj
 0001:00043aa0       _print_xml_cdata           71044aa0 f   utils.c.obj
 0001:00043b20       _print_version_and_app_info 71044b20 f   utils.c.obj
 0001:00043b90       _utils_exit                71044b90 f   utils.c.obj
 0001:00043bf0       _set_random_seed           71044bf0 f   utils.c.obj
 0001:00043c00       _get_random_seed           71044c00 f   utils.c.obj
 0001:00043c10       _convert_millis_to_date    71044c10 f   utils.c.obj
 0001:00043e90       _convert_date_to_millis    71044e90 f   utils.c.obj
 0001:00043fb0       _crc32                     71044fb0 f   utils.c.obj
 0001:00043ff0       _MD5Init                   71044ff0 f   utils.c.obj
 0001:00044640       _check_low_disk_threshold  71045640 f   utils.c.obj
 0001:000446a0       _md5_digests_equal         710456a0 f   utils.c.obj
 0001:00044710       _region_intersection       71045710 f   utils.c.obj
 0001:00044750       _dr_strdup                 71045750 f   utils.c.obj
 0001:00044790       _dr_wstrdup                71045790 f   utils.c.obj
 0001:00044830       _dr_strfree                71045830 f   utils.c.obj
 0001:000448b0       _mutex_delete              710458b0 f   utils.c.obj
 0001:000448b0       _spinmutex_delete          710458b0 f   utils.c.obj
 0001:000448d0       _mutex_lock                710458d0 f   utils.c.obj
 0001:00044930       _acquire_recursive_lock    71045930 f   utils.c.obj
 0001:00044960       _write_lock                71045960 f   utils.c.obj
 0001:000449c0       _report_dynamorio_problem  710459c0 f   utils.c.obj
 0001:00044ca0       _create_log_dir            71045ca0 f   utils.c.obj
 0001:00044f50       _get_log_dir               71045f50 f   utils.c.obj
 0001:00045040       _open_log_file             71046040 f   utils.c.obj
 0001:00045150       _get_random_offset         71046150 f   utils.c.obj
 0001:000451d0       _MD5Update                 710461d0 f   utils.c.obj
 0001:00045320       _MD5Final                  71046320 f   utils.c.obj
 0001:000453c0       _module_digests_equal      710463c0 f   utils.c.obj
 0001:00045410       _external_error            71046410 f   utils.c.obj
 0001:000454c0       _get_unique_logfile        710464c0 f   utils.c.obj
 0001:00045630       _my_getenv                 71046630 f   config.c.obj
 0001:000456a0       _get_config_val            710466a0 f   config.c.obj
 0001:00045cc0       _config_reread             71046cc0 f   config.c.obj
 0001:00045ec0       _get_config_val_other_app  71046ec0 f   config.c.obj
 0001:00045f20       _config_init               71046f20 f   config.c.obj
 0001:00045f70       _config_heap_init          71046f70 f   config.c.obj
 0001:00045fa0       _config_heap_exit          71046fa0 f   config.c.obj
 0001:00045ff0       _get_parameter_ex          71046ff0 f   config.c.obj
 0001:00046040       _get_parameter             71047040 f   config.c.obj
 0001:00046630       _kstat_init                71047630 f   stats.c.obj
 0001:00046a90       _kstat_thread_init         71047a90 f   stats.c.obj
 0001:00047810       _kstat_exit                71048810 f   stats.c.obj
 0001:00047870       _dump_thread_kstats        71048870 f   stats.c.obj
 0001:000478d0       _kstat_thread_exit         710488d0 f   stats.c.obj
 0001:00047a70       _print_vmm_heap_data       71048a70 f   heap.c.obj
 0001:00047b40       _is_vmm_reserved_address   71048b40 f   heap.c.obj
 0001:00047b70       _vmcode_get_start          71048b70 f   heap.c.obj
 0001:00047b80       _vmcode_get_end            71048b80 f   heap.c.obj
 0001:00047b90       _vmcode_unreachable_pc     71048b90 f   heap.c.obj
 0001:00048090       _vmm_heap_exit             71049090 f   heap.c.obj
 0001:000480b0       _heap_check_option_compatibility 710490b0 f   heap.c.obj
 0001:00048310       _lockwise_safe_to_allocate_memory 71049310 f   heap.c.obj
 0001:000483c0       _heap_mmap_retract_commitment 710493c0 f   heap.c.obj
 0001:000483e0       _heap_munmap_ex            710493e0 f   heap.c.obj
 0001:00048400       _heap_munmap               71049400 f   heap.c.obj
 0001:000484f0       _stack_free                710494f0 f   heap.c.obj
 0001:000485e0       _map_file                  710495e0 f   heap.c.obj
 0001:00048660       _unmap_file                71049660 f   heap.c.obj
 0001:000486e0       _heap_vmareas_synch_units  710496e0 f   heap.c.obj
 0001:00048910       _local_heap_protected      71049910 f   heap.c.obj
 0001:00048980       _protect_local_heap        71049980 f   heap.c.obj
 0001:000489d0       _protect_global_heap       710499d0 f   heap.c.obj
 0001:00048a60       _special_heap_set_vector_data 71049a60 f   heap.c.obj
 0001:00048a90       _special_heap_set_unit_end 71049a90 f   heap.c.obj
 0001:00048ac0       _special_heap_profile_exit 71049ac0 f   heap.c.obj
 0001:00048b90       _special_heap_cfree        71049b90 f   heap.c.obj
 0001:00048bf0       _special_heap_free         71049bf0 f   heap.c.obj
 0001:00048c40       _special_heap_iterator_start 71049c40 f   heap.c.obj
 0001:00048c70       _special_heap_iterator_hasnext 71049c70 f   heap.c.obj
 0001:00048c80       _special_heap_iterator_next 71049c80 f   heap.c.obj
 0001:00048cb0       _special_heap_iterator_stop 71049cb0 f   heap.c.obj
 0001:00048cd0       _trim_landing_pad          71049cd0 f   heap.c.obj
 0001:00048d40       _landing_pads_to_executable_areas 71049d40 f   heap.c.obj
 0001:00048f40       _vmm_heap_init             71049f40 f   heap.c.obj
 0001:00049380       _heap_mmap_ex              7104a380 f   heap.c.obj
 0001:000493a0       _heap_mmap_reserve         7104a3a0 f   heap.c.obj
 0001:000493c0       _heap_mmap_extend_commitment 7104a3c0 f   heap.c.obj
 0001:00049420       _heap_mmap_reserve_post_stack 7104a420 f   heap.c.obj
 0001:000495f0       _heap_munmap_post_stack    7104a5f0 f   heap.c.obj
 0001:000496b0       _heap_mmap                 7104a6b0 f   heap.c.obj
 0001:000496d0       _stack_alloc               7104a6d0 f   heap.c.obj
 0001:00049a60       _heap_thread_reset_init    7104aa60 f   heap.c.obj
 0001:00049a90       _heap_thread_reset_free    7104aa90 f   heap.c.obj
 0001:00049e90       _heap_reset_init           7104ae90 f   heap.c.obj
 0001:00049ec0       _heap_reset_free           7104aec0 f   heap.c.obj
 0001:0004a030       _global_heap_alloc         7104b030 f   heap.c.obj
 0001:0004a050       _global_heap_free          7104b050 f   heap.c.obj
 0001:0004a070       _global_heap_realloc       7104b070 f   heap.c.obj
 0001:0004a0d0       _heap_thread_init          7104b0d0 f   heap.c.obj
 0001:0004a170       _heap_thread_exit          7104b170 f   heap.c.obj
 0001:0004a220       _heap_alloc                7104b220 f   heap.c.obj
 0001:0004a260       _heap_free                 7104b260 f   heap.c.obj
 0001:0004a2b0       _global_unprotected_heap_alloc 7104b2b0 f   heap.c.obj
 0001:0004a2d0       _global_unprotected_heap_free 7104b2d0 f   heap.c.obj
 0001:0004a2f0       _nonpersistent_heap_alloc  7104b2f0 f   heap.c.obj
 0001:0004a360       _nonpersistent_heap_free   7104b360 f   heap.c.obj
 0001:0004a670       _special_heap_init         7104b670 f   heap.c.obj
 0001:0004a6a0       _special_heap_pclookup_init 7104b6a0 f   heap.c.obj
 0001:0004a6b0       _special_heap_exit         7104b6b0 f   heap.c.obj
 0001:0004a980       _special_heap_calloc       7104b980 f   heap.c.obj
 0001:0004aae0       _special_heap_alloc        7104bae0 f   heap.c.obj
 0001:0004abd0       _alloc_landing_pad         7104bbd0 f   heap.c.obj
 0001:0004b050       _heap_init                 7104c050 f   heap.c.obj
 0001:0004b290       _heap_exit                 7104c290 f   heap.c.obj
 0001:0004b420       _instrlist_init            7104c420 f   instrlist.c.obj
 0001:0004b440       _instrlist_destroy         7104c440 f   instrlist.c.obj
 0001:0004b460       _instrlist_set_return_target 7104c460 f   instrlist.c.obj
 0001:0004b460       _instrlist_set_fall_through_target 7104c460 f   instrlist.c.obj
 0001:0004b470       _instrlist_get_fall_through_target 7104c470 f   instrlist.c.obj
 0001:0004b470       _instrlist_get_return_target 7104c470 f   instrlist.c.obj
 0001:0004b480       _instrlist_set_translation_target 7104c480 f   instrlist.c.obj
 0001:0004b490       _instrlist_set_our_mangling 7104c490 f   instrlist.c.obj
 0001:0004b4b0       _instrlist_first           7104c4b0 f   instrlist.c.obj
 0001:0004b4c0       _instr_get_raw_bits        7104c4c0 f   instr.c.obj
 0001:0004b4c0       _instrlist_last            7104c4c0 f   instrlist.c.obj
 0001:0004b4d0       _instrlist_append          7104c4d0 f   instrlist.c.obj
 0001:0004b580       _instrlist_prepend         7104c580 f   instrlist.c.obj
 0001:0004b630       _instrlist_preinsert       7104c630 f   instrlist.c.obj
 0001:0004b700       _instrlist_postinsert      7104c700 f   instrlist.c.obj
 0001:0004b7d0       _instrlist_remove          7104c7d0 f   instrlist.c.obj
 0001:0004b820       _instrlist_create          7104c820 f   instrlist.c.obj
 0001:0004b840       _instrlist_clear           7104c840 f   instrlist.c.obj
 0001:0004b8a0       _instrlist_clear_and_destroy 7104c8a0 f   instrlist.c.obj
 0001:0004b8c0       _instrlist_replace         7104c8c0 f   instrlist.c.obj
 0001:0004b930       _instrlist_clone           7104c930 f   instrlist.c.obj
 0001:0004bf50       _mangle_trace_at_end       7104cf50 f   monitor.c.obj
 0001:0004bf70       _monitor_exit              7104cf70 f   monitor.c.obj
 0001:0004c080       _thcounter_range_remove    7104d080 f   monitor.c.obj
 0001:0004c100       _is_building_trace         7104d100 f   monitor.c.obj
 0001:0004c120       _cur_trace_vmlist          7104d120 f   monitor.c.obj
 0001:0004c230       _monitor_delete_would_abort_trace 7104d230 f   monitor.c.obj
 0001:0004c320       _mark_trace_head           7104d320 f   monitor.c.obj
 0001:0004c5a0       _should_be_trace_head      7104d5a0 f   monitor.c.obj
 0001:0004c630       _monitor_is_linkable       7104d630 f   monitor.c.obj
 0001:0004cb20       _monitor_cache_exit        7104db20 f   monitor.c.obj
 0001:0004cc20       _trace_abort               7104dc20 f   monitor.c.obj
 0001:0004ccb0       _trace_abort_and_delete    7104dcb0 f   monitor.c.obj
 0001:0004cd10       _monitor_thread_init       7104dd10 f   monitor.c.obj
 0001:0004cdc0       _monitor_thread_exit       7104ddc0 f   monitor.c.obj
 0001:0004cdd0       _monitor_remove_fragment   7104ddd0 f   monitor.c.obj
 0001:0004d470       _monitor_cache_enter       7104e470 f   monitor.c.obj
 0001:0004e000       _monitor_thread_reset_free 7104f000 f   monitor.c.obj
 0001:0004e070       _revert_memory_regions     7104f070 f   vmareas.c.obj
 0001:0004e3d0       _vmvector_set_callbacks    7104f3d0 f   vmareas.c.obj
 0001:0004e440       _vmvector_print            7104f440 f   vmareas.c.obj
 0001:0004e4c0       _vmvector_overlap          7104f4c0 f   vmareas.c.obj
 0001:0004e540       _vmvector_lookup_data      7104f540 f   vmareas.c.obj
 0001:0004e5e0       _vmvector_lookup_prev_next 7104f5e0 f   vmareas.c.obj
 0001:0004e6d0       _vmvector_modify_data      7104f6d0 f   vmareas.c.obj
 0001:0004e760       _vmvector_create_vector    7104f760 f   vmareas.c.obj
 0001:0004e790       _vmvector_reset_vector     7104f790 f   vmareas.c.obj
 0001:0004e7d0       _vmvector_delete_vector    7104f7d0 f   vmareas.c.obj
 0001:0004e850       _vmvector_iterator_start   7104f850 f   vmareas.c.obj
 0001:0004e890       _vmvector_iterator_hasnext 7104f890 f   vmareas.c.obj
 0001:0004e8b0       _vmvector_iterator_startover 7104f8b0 f   vmareas.c.obj
 0001:0004e8c0       _vmvector_iterator_peek    7104f8c0 f   vmareas.c.obj
 0001:0004e910       _vmvector_iterator_next    7104f910 f   vmareas.c.obj
 0001:0004e960       _vmvector_iterator_stop    7104f960 f   vmareas.c.obj
 0001:0004e9a0       _print_executable_areas    7104f9a0 f   vmareas.c.obj
 0001:0004e9d0       _get_executable_area_vm_flags 7104f9d0 f   vmareas.c.obj
 0001:0004ea50       _get_executable_area_flags 7104fa50 f   vmareas.c.obj
 0001:0004ead0       _mark_executable_area_coarse_frozen 7104fad0 f   vmareas.c.obj
 0001:0004ec60       _is_executable_area_writable 7104fc60 f   vmareas.c.obj
 0001:0004eca0       _executable_vm_area_coarse_overlap 7104fca0 f   vmareas.c.obj
 0001:0004ece0       _executable_vm_area_executed_from 7104fce0 f   vmareas.c.obj
 0001:0004ed20       _executable_area_overlap_bounds 7104fd20 f   vmareas.c.obj
 0001:0004ef00       _is_executable_area_on_all_selfmod_pages 7104ff00 f   vmareas.c.obj
 0001:0004ef60       _mark_dynamo_vm_areas_stale 7104ff60 f   vmareas.c.obj
 0001:0004ef70       _dynamo_vm_areas_lock      7104ff70 f   vmareas.c.obj
 0001:0004efb0       _dynamo_vm_areas_unlock    7104ffb0 f   vmareas.c.obj
 0001:0004efe0       _self_owns_dynamo_vm_area_lock 7104ffe0 f   vmareas.c.obj
 0001:0004f010       _is_dynamo_area_buffer     71050010 f   vmareas.c.obj
 0001:0004f030       _is_pretend_writable_address 71050030 f   vmareas.c.obj
 0001:0004f070       _executable_vm_area_overlap 71050070 f   vmareas.c.obj
 0001:0004f0c0       _executable_areas_lock     710500c0 f   vmareas.c.obj
 0001:0004f0d0       _executable_areas_unlock   710500d0 f   vmareas.c.obj
 0001:0004f170       _is_address_on_stack       71050170 f   vmareas.c.obj
 0001:0004f200       _is_driver_address         71050200 f   vmareas.c.obj
 0001:0004f320       _app_memory_deallocation   71050320 f   vmareas.c.obj
 0001:0004f380       _tamper_resistant_region_add 71050380 f   vmareas.c.obj
 0001:0004f4a0       _set_thread_decode_page_start 710504a0 f   vmareas.c.obj
 0001:0004f4c0       _check_in_last_thread_vm_area 710504c0 f   vmareas.c.obj
 0001:0004f620       _acquire_vm_areas_lock     71050620 f   vmareas.c.obj
 0001:0004f660       _acquire_vm_areas_lock_if_not_already 71050660 f   vmareas.c.obj
 0001:0004f6c0       _release_vm_areas_lock     710506c0 f   vmareas.c.obj
 0001:0004f700       _vm_list_overlaps          71050700 f   vmareas.c.obj
 0001:0004faf0       _vm_area_remove_fragment   71050af0 f   vmareas.c.obj
 0001:0004fc30       _remove_from_lazy_deletion_list 71050c30 f   vmareas.c.obj
 0001:0004fd50       _add_to_lazy_deletion_list 71050d50 f   vmareas.c.obj
 0001:0004fe60       _unlink_fragments_for_deletion 71050e60 f   vmareas.c.obj
 0001:0004ff50       _vm_area_check_shared_pending 71050f50 f   vmareas.c.obj
 0001:00050160       _vm_area_coarse_units_reset_free 71051160 f   vmareas.c.obj
 0001:000503f0       _vm_area_coarse_units_freeze 710513f0 f   vmareas.c.obj
 0001:00050490       _thread_vm_area_overlap    71051490 f   vmareas.c.obj
 0001:00050500       _mark_unload_start         71051500 f   vmareas.c.obj
 0001:00050540       _mark_unload_end           71051540 f   vmareas.c.obj
 0001:00050570       _is_in_last_unloaded_region 71051570 f   vmareas.c.obj
 0001:000505c0       _is_unreadable_or_currently_unloaded_region 710515c0 f   vmareas.c.obj
 0001:00050600       _print_last_deallocated    71051600 f   vmareas.c.obj
 0001:00050de0       _vm_areas_reset_init       71051de0 f   vmareas.c.obj
 0001:00050e40       _dynamo_vm_areas_init      71051e40 f   vmareas.c.obj
 0001:00050ea0       _vm_areas_init             71051ea0 f   vmareas.c.obj
 0001:00051170       _vm_areas_reset_free       71052170 f   vmareas.c.obj
 0001:000511d0       _vm_areas_exit             710521d0 f   vmareas.c.obj
 0001:00051310       _vm_areas_thread_reset_init 71052310 f   vmareas.c.obj
 0001:00051380       _vm_areas_thread_init      71052380 f   vmareas.c.obj
 0001:000513a0       _vm_areas_thread_reset_free 710523a0 f   vmareas.c.obj
 0001:000513a0       _vm_areas_thread_exit      710523a0 f   vmareas.c.obj
 0001:000513f0       _vmvector_add              710523f0 f   vmareas.c.obj
 0001:00051460       _vmvector_add_replace      71052460 f   vmareas.c.obj
 0001:00051510       _vmvector_remove           71052510 f   vmareas.c.obj
 0001:00051580       _vmvector_remove_containing_area 71052580 f   vmareas.c.obj
 0001:00051620       _vmvector_lookup           71052620 f   vmareas.c.obj
 0001:00051cb0       _add_executable_region     71052cb0 f   vmareas.c.obj
 0001:00051d30       _remove_executable_region  71052d30 f   vmareas.c.obj
 0001:00051d50       _vm_area_delay_load_coarse_units 71052d50 f   vmareas.c.obj
 0001:00051e40       _free_nonexec_coarse_and_unlock 71052e40 f   vmareas.c.obj
 0001:00052040       _get_executable_area_coarse_info 71053040 f   vmareas.c.obj
 0001:00052060       _is_pretend_or_executable_writable 71053060 f   vmareas.c.obj
 0001:000521d0       _add_dynamo_vm_area        710531d0 f   vmareas.c.obj
 0001:00052250       _remove_dynamo_vm_area     71053250 f   vmareas.c.obj
 0001:000522a0       _add_dynamo_heap_vm_area   710532a0 f   vmareas.c.obj
 0001:000522e0       _remove_dynamo_heap_areas  710532e0 f   vmareas.c.obj
 0001:00052340       _is_dynamo_address         71053340 f   vmareas.c.obj
 0001:00052390       _dynamo_vm_area_overlap    71053390 f   vmareas.c.obj
 0001:000523e0       _app_memory_allocation     710533e0 f   vmareas.c.obj
 0001:000524c0       _app_memory_protection_change 710534c0 f   vmareas.c.obj
 0001:000528c0       _vm_area_add_to_list       710538c0 f   vmareas.c.obj
 0001:00052c30       _vm_area_destroy_list      71053c30 f   vmareas.c.obj
 0001:00052c50       _vm_area_unlink_fragments  71053c50 f   vmareas.c.obj
 0001:00052f00       _vm_area_flush_fragments   71053f00 f   vmareas.c.obj
 0001:000530c0       _vm_area_allsynch_flush_fragments 710540c0 f   vmareas.c.obj
 0001:00053310       _handle_modified_code      71054310 f   vmareas.c.obj
 0001:00053790       _get_selfmod_exec_counter  71054790 f   vmareas.c.obj
 0001:00053860       _vm_area_selfmod_check_clear_exec_count 71054860 f   vmareas.c.obj
 0001:00053a30       _was_executable_area_writable 71054a30 f   vmareas.c.obj
 0001:00053ac0       _app_memory_pre_alloc      71054ac0 f   vmareas.c.obj
 0001:00053b80       _check_thread_vm_area_abort 71054b80 f   vmareas.c.obj
 0001:00053c30       _check_thread_vm_area      71054c30 f   vmareas.c.obj
 0001:000547d0       _vm_area_add_fragment      710557d0 f   vmareas.c.obj
 0001:00054a40       _hashtable_bits_given_entries 71055a40 f   hashtable.c.obj
 0001:00054b70       _strhash_hash_destroy      71055b70 f   hashtable.c.obj
 0001:00054b70       _generic_hash_destroy      71055b70 f   hashtable.c.obj
 0001:00054c20       _generic_hash_lookup       71055c20 f   hashtable.c.obj
 0001:00054c40       _generic_hash_remove       71055c40 f   hashtable.c.obj
 0001:00054e30       _strhash_hash_lookup       71055e30 f   hashtable.c.obj
 0001:00054e50       _hashtable_generic_clear   71055e50 f   hashtable.c.obj
 0001:00054ec0       _generic_hash_create       71055ec0 f   hashtable.c.obj
 0001:00054f40       _generic_hash_clear        71055f40 f   hashtable.c.obj
 0001:000550e0       _strhash_hash_create       710560e0 f   hashtable.c.obj
 0001:000554a0       _strhash_hash_add          710564a0 f   hashtable.c.obj
 0001:000554a0       _generic_hash_add          710564a0 f   hashtable.c.obj
 0001:000554d0       _os_get_module_info_lock   710564d0 f   module_list.c.obj
 0001:000554f0       _os_get_module_info_unlock 710564f0 f   module_list.c.obj
 0001:00055510       _os_get_module_info_write_lock 71056510 f   module_list.c.obj
 0001:00055530       _os_get_module_info_write_unlock 71056530 f   module_list.c.obj
 0001:00055550       _modules_init              71056550 f   module_list.c.obj
 0001:000555a0       _is_module_list_initialized 710565a0 f   module_list.c.obj
 0001:000555b0       _modules_reset_list        710565b0 f   module_list.c.obj
 0001:00055680       _modules_exit              71056680 f   module_list.c.obj
 0001:000556b0       _module_list_add_mapping   710566b0 f   module_list.c.obj
 0001:000556d0       _module_list_remove_mapping 710566d0 f   module_list.c.obj
 0001:000556e0       _module_list_add           710566e0 f   module_list.c.obj
 0001:00055770       _module_list_remove        71056770 f   module_list.c.obj
 0001:00055850       _module_pc_lookup          71056850 f   module_list.c.obj
 0001:00055870       _os_get_module_name        71056870 f   module_list.c.obj
 0001:000558d0       _os_module_get_view_size   710568d0 f   module_list.c.obj
 0001:00055920       _module_iterator_start     71056920 f   module_list.c.obj
 0001:00055960       _module_iterator_hasnext   71056960 f   module_list.c.obj
 0001:000559c0       _module_iterator_next      710569c0 f   module_list.c.obj
 0001:000559e0       _module_iterator_stop      710569e0 f   module_list.c.obj
 0001:00055b80       _module_calculate_digest   71056b80 f   module_list.c.obj
 0001:00055e00       _os_module_set_flag        71056e00 f   module_list.c.obj
 0001:00055e20       _os_module_clear_flag      71056e20 f   module_list.c.obj
 0001:00055e40       _os_module_get_flag        71056e40 f   module_list.c.obj
 0001:00055f80       _os_get_module_name_strdup 71056f80 f   module_list.c.obj
 0001:00055ff0       _os_get_module_name_buf_strdup 71056ff0 f   module_list.c.obj
 0001:00056180       _moduledb_process_image    71057180 f   moduledb.c.obj
 0001:00056220       _moduledb_init             71057220 f   moduledb.c.obj
 0001:00056240       _moduledb_exit             71057240 f   moduledb.c.obj
 0001:00056290       _print_moduledb_exempt_lists 71057290 f   moduledb.c.obj
 0001:00056330       _coarse_unit_mark_in_use   71057330 f   perscache.c.obj
 0001:00056370       _coarse_unit_free          71057370 f   perscache.c.obj
 0001:000563c0       _coarse_unit_init          710573c0 f   perscache.c.obj
 0001:00056520       _coarse_unit_reset_free    71057520 f   perscache.c.obj
 0001:000565b0       _coarse_units_freeze_all   710575b0 f   perscache.c.obj
 0001:00056b30       _transfer_coarse_stub      71057b30 f   perscache.c.obj
 0001:00056c20       _transfer_coarse_stub_fix_trace_head 71057c20 f   perscache.c.obj
 0001:00056d20       _transfer_coarse_fragment  71057d20 f   perscache.c.obj
 0001:00057a10       _perscache_dirname         71058a10 f   perscache.c.obj
 0001:00057b30       _coarse_unit_check_persist_space 71058b30 f   perscache.c.obj
 0001:00058500       _instrument_persist_section 71059500 f   perscache.c.obj
 0001:00058570       _dr_persist_start          71059570 f   perscache.c.obj
 0001:00058580       _dr_persist_size           71059580 f   perscache.c.obj
 0001:00058590       _dr_fragment_persistable   71059590 f   perscache.c.obj
 0001:00058780       _coarse_unit_create        71059780 f   perscache.c.obj
 0001:000588e0       _perscache_init            710598e0 f   perscache.c.obj
 0001:00058970       _perscache_fast_exit       71059970 f   perscache.c.obj
 0001:000589b0       _coarse_unit_freeze        710599b0 f   perscache.c.obj
 0001:00058b70       _coarse_unit_merge         71059b70 f   perscache.c.obj
 0001:00058f00       _coarse_unit_load          71059f00 f   perscache.c.obj
 0001:00059910       _coarse_unit_persist       7105a910 f   perscache.c.obj
 0001:0005a0a0       _nudge_thread_cleanup      7105b0a0 f   nudge.c.obj
 0001:0005a2b0       _generic_nudge_handler     7105b2b0 f   nudge.c.obj
 0001:0005a3b0       _generic_nudge_target      7105b3b0 f   nudge.c.obj
 0001:0005a3d0       _nudge_internal            7105b3d0 f   nudge.c.obj
 0001:0005a540       _synch_exit                7105b540 f   synch.c.obj
 0001:0005a550       _synch_thread_init         7105b550 f   synch.c.obj
 0001:0005a5b0       _synch_thread_exit         7105b5b0 f   synch.c.obj
 0001:0005a610       _thread_synch_state_no_xfer 7105b610 f   synch.c.obj
 0001:0005a630       _thread_synch_successful   7105b630 f   synch.c.obj
 0001:0005a650       _is_at_do_syscall          7105b650 f   synch.c.obj
 0001:0005a7e0       _translate_mcontext        7105b7e0 f   synch.c.obj
 0001:0005a950       _at_safe_spot              7105b950 f   synch.c.obj
 0001:0005aac0       _should_wait_at_safe_spot  7105bac0 f   synch.c.obj
 0001:0005aae0       _set_synch_state           7105bae0 f   synch.c.obj
 0001:0005ab10       _set_synched_thread_context 7105bb10 f   synch.c.obj
 0001:0005ac60       _resume_all_threads        7105bc60 f   synch.c.obj
 0001:0005acd0       _end_synch_with_all_threads 7105bcd0 f   synch.c.obj
 0001:0005ad30       _translate_from_synchall_to_dispatch 7105bd30 f   synch.c.obj
 0001:0005ae30       _check_wait_at_safe_spot   7105be30 f   synch.c.obj
 0001:0005aff0       _synch_with_thread         7105bff0 f   synch.c.obj
 0001:0005b380       _synch_with_all_threads    7105c380 f   synch.c.obj
 0001:0005b9f0       _locate_and_load_private_library 7105c9f0 f   loader_shared.c.obj
 0001:0005ba00       _in_private_library        7105ca00 f   loader_shared.c.obj
 0001:0005bc20       _privload_unload           7105cc20 f   loader_shared.c.obj
 0001:0005bd10       _privload_add_drext_path   7105cd10 f   loader_shared.c.obj
 0001:0005be40       _privload_next_module      7105ce40 f   loader_shared.c.obj
 0001:0005be50       _privload_first_module     7105ce50 f   loader_shared.c.obj
 0001:0005be60       _privload_print_modules    7105ce60 f   loader_shared.c.obj
 0001:0005bf00       _loader_exit               7105cf00 f   loader_shared.c.obj
 0001:0005bf60       _loader_thread_init        7105cf60 f   loader_shared.c.obj
 0001:0005bfe0       _loader_thread_exit        7105cfe0 f   loader_shared.c.obj
 0001:0005c050       _privload_lookup           7105d050 f   loader_shared.c.obj
 0001:0005c120       _privload_lookup_by_base   7105d120 f   loader_shared.c.obj
 0001:0005c190       _privload_insert           7105d190 f   loader_shared.c.obj
 0001:0005c2e0       _privload_load             7105d2e0 f   loader_shared.c.obj
 0001:0005c3c0       _loader_init               7105d3c0 f   loader_shared.c.obj
 0001:0005c510       _unload_private_library    7105d510 f   loader_shared.c.obj
 0001:0005c9d0       _utf16_to_utf8_size        7105d9d0 f   io.c.obj
 0001:0005d080       _our_vsnprintf             7105e080 f   io.c.obj
 0001:0005d7e0       _dr_snprintf               7105e7e0 f   instrument.c.obj
 0001:0005d7e0       _our_snprintf              7105e7e0 f   io.c.obj
 0001:0005df50       _our_vsnprintf_wide        7105ef50 f   io.c.obj
 0001:0005e7a0       _our_snprintf_wide         7105f7a0 f   io.c.obj
 0001:0005e7a0       _dr_snwprintf              7105f7a0 f   instrument.c.obj
 0001:0005e7c0       _parse_int                 7105f7c0 f   io.c.obj
 0001:0005e8d0       _our_vsscanf               7105f8d0 f   io.c.obj
 0001:0005ecb0       _our_sscanf                7105fcb0 f   io.c.obj
 0001:0005ecb0       _dr_sscanf                 7105fcb0 f   instrument.c.obj
 0001:0005ecd0       _native_exec_init          7105fcd0 f   native_exec.c.obj
 0001:0005ed40       _native_exec_exit          7105fd40 f   native_exec.c.obj
 0001:0005ed70       _is_native_pc              7105fd70 f   native_exec.c.obj
 0001:0005eec0       _native_exec_module_load   7105fec0 f   native_exec.c.obj
 0001:0005eef0       _native_exec_module_unload 7105fef0 f   native_exec.c.obj
 0001:0005f100       _call_to_native            71060100 f   native_exec.c.obj
 0001:0005f1d0       _return_to_native          710601d0 f   native_exec.c.obj
 0001:0005f2d0       _return_from_native        710602d0 f   native_exec.c.obj
 0001:0005f330       _interpret_back_from_native 71060330 f   native_exec.c.obj
 0001:0005f360       _put_back_native_retaddrs  71060360 f   native_exec.c.obj
 0001:0005f3e0       _reg_spill_tls_offs        710603e0 f   arch.c.obj
 0001:0005f750       _update_generated_hashtable_access 71060750 f   arch.c.obj
 0001:0005f760       _protect_generated_code    71060760 f   arch.c.obj
 0001:0005f7c0       _get_source_fragment_type  710607c0 f   arch.c.obj
 0001:0005f7f0       _is_shared_syscall_routine 710607f0 f   arch.c.obj
 0001:0005f870       _in_generated_routine      71060870 f   arch.c.obj
 0001:0005f8f0       _get_fcache_enter_private_routine 710608f0 f   arch.c.obj
 0001:0005f930       _get_reset_exit_stub       71060930 f   arch.c.obj
 0001:0005f970       _get_do_syscall_entry      71060970 f   arch.c.obj
 0001:0005f9b0       _get_fcache_enter_indirect_routine 710609b0 f   arch.c.obj
 0001:0005f9f0       _get_do_callback_return_entry 710609f0 f   arch.c.obj
 0001:0005fa30       _fcache_return_routine_ex  71060a30 f   arch.c.obj
 0001:0005fa30       _fcache_return_routine     71060a30 f   arch.c.obj
 0001:0005fa70       _fcache_return_coarse_routine 71060a70 f   arch.c.obj
 0001:0005fa90       _trace_head_return_coarse_routine 71060a90 f   arch.c.obj
 0001:0005fab0       _get_clean_call_save       71060ab0 f   arch.c.obj
 0001:0005fb20       _get_clean_call_restore    71060b20 f   arch.c.obj
 0001:0005fb90       _get_client_ibl_xfer_entry 71060b90 f   arch.c.obj
 0001:0005fbe0       _get_ibl_branch_type       71060be0 f   arch.c.obj
 0001:0005fcc0       _get_ibl_routine_ex        71060cc0 f   arch.c.obj
 0001:0005fd20       _get_ibl_routine           71060d20 f   arch.c.obj
 0001:0005fd30       _get_target_delete_entry_pc 71060d30 f   arch.c.obj
 0001:0005fda0       _get_ibl_routine_code_ex   71060da0 f   arch.c.obj
 0001:0005fe00       _get_ibl_routine_code      71060e00 f   arch.c.obj
 0001:0005fe10       _shared_syscall_routine_ex 71060e10 f   arch.c.obj
 0001:0005fe60       _shared_syscall_routine    71060e60 f   arch.c.obj
 0001:0005fe70       _unlinked_shared_syscall_routine_ex 71060e70 f   arch.c.obj
 0001:0005fec0       _unlinked_shared_syscall_routine 71060ec0 f   arch.c.obj
 0001:0005fed0       _after_shared_syscall_code_ex 71060ed0 f   arch.c.obj
 0001:0005fed0       _after_shared_syscall_code 71060ed0 f   arch.c.obj
 0001:0005ff10       _after_do_syscall_code     71060f10 f   arch.c.obj
 0001:0005ff10       _after_do_syscall_code_ex  71060f10 f   arch.c.obj
 0001:0005ff50       _fcache_return_shared_routine 71060f50 f   arch.c.obj
 0001:0005ff60       _get_fcache_target         71060f60 f   arch.c.obj
 0001:0005ff70       _set_fcache_target         71060f70 f   arch.c.obj
 0001:00060af0       _translation_info_free     71061af0 f   arch.c.obj
 0001:00060b80       _record_translation_info   71061b80 f   arch.c.obj
 0001:00060f10       _check_syscall_method      71061f10 f   arch.c.obj
 0001:000610f0       _get_syscall_method        710620f0 f   arch.c.obj
 0001:00061100       _does_syscall_ret_to_callsite 71062100 f   arch.c.obj
 0001:00061120       _set_syscall_method        71062120 f   arch.c.obj
 0001:00061130       _get_app_sysenter_addr     71062130 f   arch.c.obj
 0001:00061140       _copy_mcontext             71062140 f   arch.c.obj
 0001:00061160       _dr_mcontext_to_priv_mcontext 71062160 f   arch.c.obj
 0001:00061200       _priv_mcontext_to_dr_mcontext 71062200 f   arch.c.obj
 0001:000612a0       _dr_mcontext_as_priv_mcontext 710622a0 f   arch.c.obj
 0001:000612b0       _dr_mcontext_init          710622b0 f   arch.c.obj
 0001:000612d0       _dump_mcontext             710622d0 f   arch.c.obj
 0001:00061910       _arch_init                 71062910 f   arch.c.obj
 0001:00061c20       _arch_profile_exit         71062c20 f   arch.c.obj
 0001:00061c50       _arch_exit                 71062c50 f   arch.c.obj
 0001:00061ca0       _arch_thread_init          71062ca0 f   arch.c.obj
 0001:000620e0       _arch_thread_profile_exit  710630e0 f   arch.c.obj
 0001:000620f0       _arch_thread_exit          710630f0 f   arch.c.obj
 0001:00062120       _arch_patch_syscall        71063120 f   arch.c.obj
 0001:00062220       _get_ibl_routine_type_ex   71063220 f   arch.c.obj
 0001:00062360       _get_ibl_routine_type      71063360 f   arch.c.obj
 0001:000623d0       _get_ibl_routine_name      710633d0 f   arch.c.obj
 0001:00062440       _after_shared_syscall_addr 71063440 f   arch.c.obj
 0001:000624a0       _after_do_syscall_addr     710634a0 f   arch.c.obj
 0001:00062500       _is_after_syscall_address  71063500 f   arch.c.obj
 0001:00062530       _get_fcache_enter_shared_routine 71063530 f   arch.c.obj
 0001:00062ca0       _recreate_app_pc           71063ca0 f   arch.c.obj
 0001:00062d40       _recreate_app_state        71063d40 f   arch.c.obj
 0001:00062db0       _get_global_do_syscall_entry 71063db0 f   arch.c.obj
 0001:00062e00       _get_cleanup_and_terminate_global_do_syscall_entry 71063e00 f   arch.c.obj
 0001:00062e30       _is_indirect_branch_lookup_routine 71063e30 f   arch.c.obj
 0001:00062e60       _get_alternate_ibl_routine 71063e60 f   arch.c.obj
 0001:00062f00       _get_linked_entry          71063f00 f   arch.c.obj
 0001:00062f70       _get_unlinked_entry        71063f70 f   arch.c.obj
 0001:00062fe0       _resolve_var_reg_size      71063fe0 f   decode.c.obj
 0001:00063030       _resolve_variable_size     71064030 f   decode.c.obj
 0001:00063290       _resolve_variable_size_dc  71064290 f   decode.c.obj
 0001:000632c0       _resolve_addr_size         710642c0 f   decode.c.obj
 0001:000632d0       _optype_is_indir_reg       710642d0 f   decode.c.obj
 0001:000632f0       _indir_var_reg_size        710642f0 f   decode.c.obj
 0001:00063350       _indir_var_reg_offs_factor 71064350 f   decode.c.obj
 0001:00064740       _resolve_var_reg           71065740 f   decode.c.obj
 0001:00064e40       _decode_eflags_usage       71065e40 f   decode.c.obj
 0001:00065240       _decode                    71066240 f   decode.c.obj
 0001:00065260       _decode_from_copy          71066260 f   decode.c.obj
 0001:00065280       _get_next_instr_info       71066280 f   decode.c.obj
 0001:00065290       _decode_first_opcode_byte  71066290 f   decode.c.obj
 0001:000652a0       _decode_opcode_name        710662a0 f   decode.c.obj
 0001:00066670       _instr_info_extra_opnds    71067670 f   encode.c.obj
 0001:00067da0       _get_encoding_info         71068da0 f   encode.c.obj
 0001:00067e40       _instr_info_opnd_type      71068e40 f   encode.c.obj
 0001:00068ad0       _copy_and_re_relativize_raw_instr 71069ad0 f   encode.c.obj
 0001:000690d0       _instr_encode_ignore_reachability 7106a0d0 f   encode.c.obj
 0001:000690f0       _instr_encode_check_reachability 7106a0f0 f   encode.c.obj
 0001:00069110       _instr_encode_to_copy      7106a110 f   encode.c.obj
 0001:00069130       _instr_encode              7106a130 f   encode.c.obj
 0001:00069150       _instrlist_encode_to_copy  7106a150 f   encode.c.obj
 0001:00069200       _instrlist_encode          7106a200 f   encode.c.obj
 0001:00069290       _instr_is_encoding_possible 7106a290 f   encode.c.obj
 0001:00069350       _exit_stub_size            7106a350 f   emit_utils.c.obj
 0001:000694d0       _insert_relative_target    7106a4d0 f   emit_utils.c.obj
 0001:000694f0       _insert_relative_jump      7106a4f0 f   emit_utils.c.obj
 0001:000696a0       _is_exit_cti_stub_patchable 7106a6a0 f   emit_utils.c.obj
 0001:00069700       _extend_trace_pad_bytes    7106a700 f   emit_utils.c.obj
 0001:00069710       _remove_nops_from_ilist    7106a710 f   emit_utils.c.obj
 0001:000697e0       _patch_branch              7106a7e0 f   emit_utils.c.obj
 0001:00069840       _patchable_exit_cti_align_offs 7106a840 f   emit_utils.c.obj
 0001:000698b0       _is_exit_cti_patchable     7106a8b0 f   emit_utils.c.obj
 0001:00069940       _cbr_fallthrough_exit_cti  7106a940 f   emit_utils.c.obj
 0001:00069960       _entrance_stub_jmp         7106a960 f   emit_utils.c.obj
 0001:00069970       _coarse_is_entrance_stub   7106a970 f   emit_utils.c.obj
 0001:000699b0       _entrance_stub_jmp_target  7106a9b0 f   emit_utils.c.obj
 0001:000699c0       _entrance_stub_target_tag  7106a9c0 f   emit_utils.c.obj
 0001:00069a10       _coarse_is_indirect_stub   7106aa10 f   emit_utils.c.obj
 0001:00069a30       _coarse_cti_is_intra_fragment 7106aa30 f   emit_utils.c.obj
 0001:00069ad0       _coarse_indirect_stub_jmp_target 7106aad0 f   emit_utils.c.obj
 0001:00069af0       _entrance_stub_linked      7106aaf0 f   emit_utils.c.obj
 0001:00069c10       _link_entrance_stub        7106ac10 f   emit_utils.c.obj
 0001:00069c30       _unlink_entrance_stub      7106ac30 f   emit_utils.c.obj
 0001:00069c70       _entrance_stub_from_cti    7106ac70 f   emit_utils.c.obj
 0001:00069ce0       _init_patch_list           7106ace0 f   emit_utils.c.obj
 0001:00069d80       _add_patch_marker          7106ad80 f   emit_utils.c.obj
 0001:00069f00       _encode_with_patch_list    7106af00 f   emit_utils.c.obj
 0001:0006a0d0       _fragment_prefix_size      7106b0d0 f   emit_utils.c.obj
 0001:0006a510       _insert_fragment_prefix    7106b510 f   emit_utils.c.obj
 0001:0006a5c0       _preinsert_swap_peb        7106b5c0 f   emit_utils.c.obj
 0001:0006b590       _emit_fcache_enter         7106c590 f   emit_utils.c.obj
 0001:0006b5b0       _insert_shared_get_dcontext 7106c5b0 f   emit_utils.c.obj
 0001:0006b6f0       _insert_shared_restore_dcontext_reg 7106c6f0 f   emit_utils.c.obj
 0001:0006c4a0       _emit_fcache_return        7106d4a0 f   emit_utils.c.obj
 0001:0006c500       _emit_fcache_enter_shared  7106d500 f   emit_utils.c.obj
 0001:0006c520       _emit_fcache_return_shared 7106d520 f   emit_utils.c.obj
 0001:0006c580       _emit_fcache_return_coarse 7106d580 f   emit_utils.c.obj
 0001:0006c5e0       _emit_trace_head_return_coarse 7106d5e0 f   emit_utils.c.obj
 0001:0006c640       _coarse_exit_prefix_size   7106d640 f   emit_utils.c.obj
 0001:0006c650       _emit_coarse_exit_prefix   7106d650 f   emit_utils.c.obj
 0001:0006c940       _patch_coarse_exit_prefix  7106d940 f   emit_utils.c.obj
 0001:0006c950       _insert_save_eflags        7106d950 f   emit_utils.c.obj
 0001:0006ca50       _insert_restore_eflags     7106da50 f   emit_utils.c.obj
 0001:0006d560       _emit_inline_ibl_stub      7106e560 f   emit_utils.c.obj
 0001:0006da40       _emit_indirect_branch_lookup 7106ea40 f   emit_utils.c.obj
 0001:0006ea30       _update_indirect_branch_lookup 7106fa30 f   emit_utils.c.obj
 0001:0006eb50       _emit_far_ibl              7106fb50 f   emit_utils.c.obj
 0001:0006ecb0       _create_syscall_instr      7106fcb0 f   emit_utils.c.obj
 0001:0006ef80       _emit_shared_syscall       7106ff80 f   emit_utils.c.obj
 0001:0006fdb0       _emit_shared_syscall_dispatch 71070db0 f   emit_utils.c.obj
 0001:0006fdd0       _emit_unlinked_shared_syscall_dispatch 71070dd0 f   emit_utils.c.obj
 0001:0006fdf0       _link_shared_syscall       71070df0 f   emit_utils.c.obj
 0001:0006fe70       _unlink_shared_syscall     71070e70 f   emit_utils.c.obj
 0001:0006fef0       _emit_detach_callback_code 71070ef0 f   emit_utils.c.obj
 0001:00070830       _emit_detach_callback_final_jmp 71071830 f   emit_utils.c.obj
 0001:00070910       _emit_patch_syscall        71071910 f   emit_utils.c.obj
 0001:00070bc0       _emit_fcache_enter_indirect 71071bc0 f   emit_utils.c.obj
 0001:00070be0       _emit_do_callback_return   71071be0 f   emit_utils.c.obj
 0001:00070d20       _emit_do_syscall           71071d20 f   emit_utils.c.obj
 0001:00070d50       _is_jmp_rel32              71071d50 f   emit_utils.c.obj
 0001:00070d80       _special_ibl_xfer_is_thread_private 71071d80 f   emit_utils.c.obj
 0001:00071140       _link_special_ibl_xfer     71072140 f   emit_utils.c.obj
 0001:00071160       _unlink_special_ibl_xfer   71072160 f   emit_utils.c.obj
 0001:00071180       _emit_client_ibl_xfer      71072180 f   emit_utils.c.obj
 0001:000711d0       _client_clean_call_is_thread_private 710721d0 f   emit_utils.c.obj
 0001:00071200       _emit_clean_call_save      71072200 f   emit_utils.c.obj
 0001:000714b0       _emit_clean_call_restore   710724b0 f   emit_utils.c.obj
 0001:00071690       _insert_set_last_exit      71072690 f   emit_utils.c.obj
 0001:00071840       _insert_return_to_native   71072840 f   emit_utils.c.obj
 0001:00071870       _nop_pad_ilist             71072870 f   emit_utils.c.obj
 0001:00071bf0       _link_direct_exit          71072bf0 f   emit_utils.c.obj
 0001:00071c80       _indirect_linkstub_target  71072c80 f   emit_utils.c.obj
 0001:00071da0       _linkstub_cbr_disambiguate 71072da0 f   emit_utils.c.obj
 0001:00071e80       _coarse_is_trace_head      71072e80 f   emit_utils.c.obj
 0001:00071ed0       _is_patchable_exit_stub    71072ed0 f   emit_utils.c.obj
 0001:00071f50       _bytes_for_exitstub_alignment 71072f50 f   emit_utils.c.obj
 0001:00072050       _pad_for_exitstub_alignment 71073050 f   emit_utils.c.obj
 0001:00072090       _insert_exit_stub_other_flags 71073090 f   emit_utils.c.obj
 0001:000722c0       _insert_exit_stub          710732c0 f   emit_utils.c.obj
 0001:000722f0       _linkstub_unlink_entry_offset 710732f0 f   emit_utils.c.obj
 0001:00072370       _indirect_linkstub_stub_pc 71073370 f   emit_utils.c.obj
 0001:00072470       _unlink_indirect_exit      71073470 f   emit_utils.c.obj
 0001:00072720       _update_indirect_exit_stub 71073720 f   emit_utils.c.obj
 0001:000728b0       _unlink_direct_exit        710738b0 f   emit_utils.c.obj
 0001:000729f0       _link_indirect_exit        710739f0 f   emit_utils.c.obj
 0001:00072c50       _opnd_is_null              71073c50 f   instr.c.obj
 0001:00072c60       _opnd_is_immed_int         71073c60 f   instr.c.obj
 0001:00072c70       _opnd_is_immed_float       71073c70 f   instr.c.obj
 0001:00072c80       _opnd_is_near_pc           71073c80 f   instr.c.obj
 0001:00072c90       _opnd_is_near_instr        71073c90 f   instr.c.obj
 0001:00072ca0       _opnd_is_reg               71073ca0 f   instr.c.obj
 0001:00072cb0       _opnd_is_base_disp         71073cb0 f   instr.c.obj
 0001:00072cc0       _opnd_is_far_pc            71073cc0 f   instr.c.obj
 0001:00072cd0       _opnd_is_far_instr         71073cd0 f   instr.c.obj
 0001:00072ce0       _opnd_is_mem_instr         71073ce0 f   instr.c.obj
 0001:00072cf0       _opnd_is_abs_addr          71073cf0 f   instr.c.obj
 0001:00072d10       _opnd_is_near_abs_addr     71073d10 f   instr.c.obj
 0001:00072d40       _opnd_is_far_abs_addr      71073d40 f   instr.c.obj
 0001:00072d70       _reg_is_64bit              71073d70 f   instr.c.obj
 0001:00072d80       _reg_is_32bit              71073d80 f   instr.c.obj
 0001:00072d80       _reg_is_pointer_sized      71073d80 f   instr.c.obj
 0001:00072d90       _opnd_get_reg              71073d90 f   instr.c.obj
 0001:00072da0       _opnd_set_size             71073da0 f   instr.c.obj
 0001:00072de0       _opnd_create_immed_int     71073de0 f   instr.c.obj
 0001:00072e00       _opnd_create_immed_float   71073e00 f   instr.c.obj
 0001:00072e20       _opnd_create_immed_float_for_opcode 71073e20 f   instr.c.obj
 0001:00072ec0       _opnd_get_immed_float      71073ec0 f   instr.c.obj
 0001:00072ed0       _opnd_create_far_pc        71073ed0 f   instr.c.obj
 0001:00072ef0       _opnd_create_instr_ex      71073ef0 f   instr.c.obj
 0001:00072f10       _opnd_create_instr         71073f10 f   instr.c.obj
 0001:00072f40       _opnd_create_far_instr     71073f40 f   instr.c.obj
 0001:00072f60       _opnd_create_mem_instr     71073f60 f   instr.c.obj
 0001:00072f80       _opnd_get_pc               71073f80 f   instr.c.obj
 0001:00072fa0       _opnd_get_segment_selector 71073fa0 f   instr.c.obj
 0001:00072fc0       _opnd_get_segment          71073fc0 f   instr.c.obj
 0001:00072fc0       _opnd_get_mem_instr_disp   71073fc0 f   instr.c.obj
 0001:00072fc0       _opnd_get_shift            71073fc0 f   instr.c.obj
 0001:00072fd0       _opnd_create_far_base_disp_ex 71073fd0 f   instr.c.obj
 0001:00073030       _opnd_create_far_base_disp 71074030 f   instr.c.obj
 0001:00073090       _opnd_get_base             71074090 f   instr.c.obj
 0001:000730a0       _opnd_get_disp             710740a0 f   instr.c.obj
 0001:000730a0       _opnd_get_immed_int        710740a0 f   instr.c.obj
 0001:000730a0       _opnd_get_instr            710740a0 f   instr.c.obj
 0001:000730b0       _opnd_get_index            710740b0 f   instr.c.obj
 0001:000730c0       _opnd_get_scale            710740c0 f   instr.c.obj
 0001:000730d0       _opnd_is_disp_encode_zero  710740d0 f   instr.c.obj
 0001:000730f0       _opnd_is_disp_force_full   710740f0 f   instr.c.obj
 0001:00073110       _opnd_is_disp_short_addr   71074110 f   instr.c.obj
 0001:00073130       _opnd_set_disp             71074130 f   instr.c.obj
 0001:00073150       _opnd_set_disp_ex          71074150 f   instr.c.obj
 0001:00073190       _opnd_create_far_abs_addr  71074190 f   instr.c.obj
 0001:000731e0       _opnd_get_addr             710741e0 f   instr.c.obj
 0001:00073200       _opnd_is_memory_reference  71074200 f   instr.c.obj
 0001:00073220       _opnd_is_far_base_disp     71074220 f   dynamo.c.obj
 0001:00073220       _opnd_is_far_memory_reference 71074220 f   instr.c.obj
 0001:00073240       _opnd_is_near_memory_reference 71074240 f   instr.c.obj
 0001:00073260       _opnd_num_regs_used        71074260 f   instr.c.obj
 0001:000732d0       _opnd_get_reg_used         710742d0 f   instr.c.obj
 0001:00073350       _opnd_uses_reg             71074350 f   instr.c.obj
 0001:000733f0       _opnd_same_address         710743f0 f   instr.c.obj
 0001:000734b0       _opnd_same                 710744b0 f   instr.c.obj
 0001:00073640       _opnd_share_reg            71074640 f   instr.c.obj
 0001:00073720       _opnd_size_from_bytes      71074720 f   instr.c.obj
 0001:00073810       _get_register_name         71074810 f   instr.c.obj
 0001:00073820       _reg_to_pointer_sized      71074820 f   instr.c.obj
 0001:00073830       _reg_32_to_16              71074830 f   instr.c.obj
 0001:00073840       _reg_32_to_8               71074840 f   instr.c.obj
 0001:00073860       _reg_32_to_opsz            71074860 f   instr.c.obj
 0001:000738a0       _reg_resize_to_opsz        710748a0 f   instr.c.obj
 0001:000738d0       _redirect_GetCurrentProcess@0 710748d0 f   kernel32_proc.c.obj
 0001:000738d0       _dr_get_logfile            710748d0 f   instrument.c.obj
 0001:000738d0       _reg_parameter_num         710748d0 f   instr.c.obj
 0001:000738e0       _opnd_get_reg_dcontext_offs 710748e0 f   instr.c.obj
 0001:00073950       _reg_overlap               71074950 f   instr.c.obj
 0001:000739a0       _reg_get_bits              710749a0 f   instr.c.obj
 0001:00073a60       _reg_get_size              71074a60 f   instr.c.obj
 0001:00073ae0       _instr_create              71074ae0 f   instr.c.obj
 0001:00073b00       _instr_init                71074b00 f   instr.c.obj
 0001:00073b20       _instr_free                71074b20 f   instr.c.obj
 0001:00073ba0       _instr_mem_usage           71074ba0 f   instr.c.obj
 0001:00073be0       _instr_reset               71074be0 f   instr.c.obj
 0001:00073c00       _instr_reuse               71074c00 f   instr.c.obj
 0001:00073cb0       _instr_valid               71074cb0 f   instr.c.obj
 0001:00073cc0       _instr_opcode_valid        71074cc0 f   instr.c.obj
 0001:00073ce0       _instr_get_prefix_flag     71074ce0 f   instr.c.obj
 0001:00073d00       _instr_get_prefixes        71074d00 f   instr.c.obj
 0001:00073d10       _instr_branch_special_exit 71074d10 f   instr.c.obj
 0001:00073d20       _instr_branch_set_special_exit 71074d20 f   instr.c.obj
 0001:00073d40       _instr_exit_branch_type    71074d40 f   instr.c.obj
 0001:00073d50       _instr_exit_branch_set_type 71074d50 f   instr.c.obj
 0001:00073d70       _instr_set_ok_to_mangle    71074d70 f   instr.c.obj
 0001:00073d90       _instr_set_meta_may_fault  71074d90 f   instr.c.obj
 0001:00073da0       _instr_set_ok_to_emit      71074da0 f   instr.c.obj
 0001:00073dc0       _instr_get_opcode_eflags   71074dc0 f   instr.c.obj
 0001:00073dd0       _instr_set_eflags_valid    71074dd0 f   instr.c.obj
 0001:00073df0       _instr_set_arith_flags_valid 71074df0 f   instr.c.obj
 0001:00073e10       _instr_set_operands_valid  71074e10 f   instr.c.obj
 0001:00073e30       _instr_shift_raw_bits      71074e30 f   instr.c.obj
 0001:00073e50       _instr_set_raw_bits_valid  71074e50 f   instr.c.obj
 0001:00073e70       _instr_free_raw_bits       71074e70 f   instr.c.obj
 0001:00073ea0       _instr_allocate_raw_bits   71074ea0 f   instr.c.obj
 0001:00073f30       _instr_set_translation     71074f30 f   instr.c.obj
 0001:00073f60       _instr_make_persistent     71074f60 f   instr.c.obj
 0001:00073f90       _instr_get_raw_byte        71074f90 f   instr.c.obj
 0001:00073fa0       _instr_get_raw_word        71074fa0 f   instr.c.obj
 0001:00073fb0       _instr_set_raw_byte        71074fb0 f   instr.c.obj
 0001:00073fd0       _instr_set_raw_bytes       71074fd0 f   instr.c.obj
 0001:00073fe0       _instr_set_raw_word        71074fe0 f   instr.c.obj
 0001:00074000       _instr_decode              71075000 f   instr.c.obj
 0001:00074050       _instr_decode_with_current_dcontext 71075050 f   instr.c.obj
 0001:00074070       _instr_is_our_mangling     71075070 f   instr.c.obj
 0001:00074080       _instr_set_our_mangling    71075080 f   instr.c.obj
 0001:000740a0       _instr_branch_type         710750a0 f   instr.c.obj
 0001:000741c0       _instr_get_branch_target_pc 710751c0 f   instr.c.obj
 0001:00074200       _instr_is_mov              71075200 f   instr.c.obj
 0001:00074240       _instr_is_call             71075240 f   instr.c.obj
 0001:00074280       _instr_is_call_direct      71075280 f   instr.c.obj
 0001:000742b0       _instr_is_near_call_direct 710752b0 f   instr.c.obj
 0001:000742e0       _instr_is_call_indirect    710752e0 f   instr.c.obj
 0001:00074310       _instr_is_return           71075310 f   instr.c.obj
 0001:00074380       _instr_is_cbr              71075380 f   instr.c.obj
 0001:000743d0       _instr_is_mbr              710753d0 f   instr.c.obj
 0001:00074420       _instr_is_far_cti          71075420 f   instr.c.obj
 0001:00074470       _instr_is_far_abs_cti      71075470 f   instr.c.obj
 0001:000744a0       _instr_is_ubr              710754a0 f   instr.c.obj
 0001:000744e0       _instr_is_near_ubr         710754e0 f   instr.c.obj
 0001:00074510       _instr_is_cti              71075510 f   instr.c.obj
 0001:00074590       _instr_is_cti_short        71075590 f   instr.c.obj
 0001:00074610       _instr_is_cti_loop         71075610 f   instr.c.obj
 0001:00074640       _instr_is_cti_short_rewrite 71075640 f   instr.c.obj
 0001:000746c0       _instr_is_interrupt        710756c0 f   instr.c.obj
 0001:00074700       _instr_get_interrupt_number 71075700 f   instr.c.obj
 0001:00074760       _instr_is_wow64_syscall    71075760 f   instr.c.obj
 0001:000747e0       _instr_is_mov_constant     710757e0 f   instr.c.obj
 0001:000748c0       _instr_is_prefetch         710758c0 f   instr.c.obj
 0001:00074910       _instr_is_floating_ex      71075910 f   instr.c.obj
 0001:00074c80       _instr_is_floating         71075c80 f   instr.c.obj
 0001:00074c90       _instr_saves_float_pc      71075c90 f   instr.c.obj
 0001:00074cf0       _opcode_is_mmx             71075cf0 f   instr.c.obj
 0001:00074d80       _opcode_is_sse_or_sse2     71075d80 f   instr.c.obj
 0001:00074eb0       _type_is_sse               71075eb0 f   instr.c.obj
 0001:00074ed0       _instr_is_mmx              71075ed0 f   instr.c.obj
 0001:00074f80       _instr_is_sse_or_sse2      71075f80 f   instr.c.obj
 0001:00074fb0       _instr_is_mov_imm_to_tos   71075fb0 f   instr.c.obj
 0001:000750b0       _instr_is_label            710760b0 f   instr.c.obj
 0001:000750d0       _instr_is_undefined        710760d0 f   instr.c.obj
 0001:00075100       _instr_convert_short_meta_jmp_to_long 71076100 f   instr.c.obj
 0001:000752f0       _instr_jcc_taken           710762f0 f   instr.c.obj
 0001:00075320       _instr_cmovcc_to_jcc       71076320 f   instr.c.obj
 0001:000753a0       _instr_cmovcc_triggered    710763a0 f   instr.c.obj
 0001:000753d0       _reg_is_gpr                710763d0 f   instr.c.obj
 0001:000753e0       _reg_is_segment            710763e0 f   instr.c.obj
 0001:000753f0       _reg_is_ymm                710763f0 f   instr.c.obj
 0001:00075400       _reg_is_xmm                71076400 f   instr.c.obj
 0001:00075420       _reg_is_mmx                71076420 f   instr.c.obj
 0001:00075430       _reg_is_fp                 71076430 f   instr.c.obj
 0001:00075440       _instr_is_nop              71076440 f   instr.c.obj
 0001:00075640       _instr_raw_is_tls_spill    71076640 f   instr.c.obj
 0001:00075840       _instr_is_tls_spill        71076840 f   instr.c.obj
 0001:000758a0       _instr_is_tls_xcx_spill    710768a0 f   instr.c.obj
 0001:00075a60       _instr_is_reg_spill_or_restore 71076a60 f   instr.c.obj
 0001:00075b20       _move_mm_reg_opcode        71076b20 f   instr.c.obj
 0001:00075b70       _opnd_is_vsib              71076b70 f   instr.c.obj
 0001:00075ba0       _opnd_is_reg_32bit         71076ba0 f   instr.c.obj
 0001:00075ba0       _opnd_is_reg_pointer_sized 71076ba0 f   instr.c.obj
 0001:00075bc0       _opnd_is_reg_64bit         71076bc0 f   instr.c.obj
 0001:00075be0       _opnd_get_size             71076be0 f   instr.c.obj
 0001:00075c40       _opnd_create_base_disp_ex  71076c40 f   instr.c.obj
 0001:00075cc0       _opnd_create_base_disp     71076cc0 f   instr.c.obj
 0001:00075d20       _opnd_create_abs_addr      71076d20 f   instr.c.obj
 0001:00075d70       _opnd_replace_reg          71076d70 f   instr.c.obj
 0001:00075f10       _opnd_size_in_bytes        71076f10 f   instr.c.obj
 0001:00076010       _opnd_shrink_to_16_bits    71077010 f   instr.c.obj
 0001:00076170       _reg_get_value_priv        71077170 f   instr.c.obj
 0001:00076220       _reg_get_value             71077220 f   instr.c.obj
 0001:00076240       _reg_set_value_priv        71077240 f   instr.c.obj
 0001:00076260       _reg_set_value             71077260 f   instr.c.obj
 0001:000762f0       _opnd_compute_address_priv 710772f0 f   instr.c.obj
 0001:00076340       _opnd_compute_address      71077340 f   instr.c.obj
 0001:00076370       _instr_destroy             71077370 f   instr.c.obj
 0001:00076390       _instr_clone               71077390 f   instr.c.obj
 0001:00076570       _instr_get_opcode          71077570 f   instr.c.obj
 0001:00076590       _instr_set_opcode          71077590 f   instr.c.obj
 0001:000765b0       _instrlist_get_translation_target 710775b0 f   instrlist.c.obj
 0001:000765b0       _instr_get_app_pc          710775b0 f   instr.c.obj
 0001:000765b0       _instr_get_translation     710775b0 f   instr.c.obj
 0001:000765c0       _instr_get_instr_info      710775c0 f   instr.c.obj
 0001:000765f0       _instr_get_src             710775f0 f   instr.c.obj
 0001:00076640       _instr_get_dst             71077640 f   instr.c.obj
 0001:00076680       _instr_set_num_opnds       71077680 f   instr.c.obj
 0001:000766f0       _instr_set_src             710776f0 f   instr.c.obj
 0001:00076750       _instr_set_dst             71077750 f   instr.c.obj
 0001:00076790       _instr_get_target          71077790 f   instr.c.obj
 0001:000767c0       _instr_set_target          710777c0 f   instr.c.obj
 0001:00076860       _instr_set_prefix_flag     71077860 f   instr.c.obj
 0001:00076880       _instr_set_prefixes        71077880 f   instr.c.obj
 0001:000768a0       _instr_is_meta_may_fault   710778a0 f   instr.c.obj
 0001:000768c0       _instr_set_meta_no_translation 710778c0 f   instr.c.obj
 0001:000768f0       _instr_get_eflags          710778f0 f   instr.c.obj
 0001:00076970       _instr_get_arith_flags     71077970 f   instr.c.obj
 0001:00076990       _instr_set_raw_bits        71077990 f   instr.c.obj
 0001:000769c0       _instr_length              710779c0 f   instr.c.obj
 0001:00076af0       _instr_expand              71077af0 f   instr.c.obj
[...]
               exported name: instr_replace_src_opnd
      460    _instr_reset
               exported name: instr_reset
      461    _instr_reuse
               exported name: instr_reuse
      462    _instr_same
               exported name: instr_same
      463    _instr_set_branch_target_pc
               exported name: instr_set_branch_target_pc
      464    _instr_set_dst
               exported name: instr_set_dst
      465    _instr_set_meta_may_fault
               exported name: instr_set_meta_may_fault
      466    _instr_set_meta_no_translation
               exported name: instr_set_meta_no_translation
      467    _instr_set_next
               exported name: instr_set_next
      468    _instr_set_note
               exported name: instr_set_note
      469    _instr_set_num_opnds
               exported name: instr_set_num_opnds
      470    _instr_set_ok_to_emit
               exported name: instr_set_ok_to_emit
      471    _instr_set_ok_to_mangle
               exported name: instr_set_ok_to_mangle
      472    _instr_set_opcode
               exported name: instr_set_opcode
      473    _instr_set_operands_valid
               exported name: instr_set_operands_valid
      474    _instr_set_prefix_flag
               exported name: instr_set_prefix_flag
      475    _instr_set_prev
               exported name: instr_set_prev
      476    _instr_set_raw_bits
               exported name: instr_set_raw_bits
      477    _instr_set_raw_bits_valid
               exported name: instr_set_raw_bits_valid
      478    _instr_set_raw_byte
               exported name: instr_set_raw_byte
      479    _instr_set_raw_bytes
               exported name: instr_set_raw_bytes
      480    _instr_set_raw_word
               exported name: instr_set_raw_word
      481    _instr_set_src
               exported name: instr_set_src
      482    _instr_set_target
               exported name: instr_set_target
      483    _instr_set_translation
               exported name: instr_set_translation
      484    _instr_shrink_to_16_bits
               exported name: instr_shrink_to_16_bits
      485    _instr_uses_fp_reg
               exported name: instr_uses_fp_reg
      486    _instr_uses_reg
               exported name: instr_uses_reg
      487    _instr_valid
               exported name: instr_valid
      488    _instr_writes_memory
               exported name: instr_writes_memory
      489    _instr_writes_to_exact_reg
               exported name: instr_writes_to_exact_reg
      490    _instr_writes_to_reg
               exported name: instr_writes_to_reg
      491    _instrlist_append
               exported name: instrlist_append
      492    _instrlist_clear
               exported name: instrlist_clear
      493    _instrlist_clear_and_destroy
               exported name: instrlist_clear_and_destroy
      494    _instrlist_clone
               exported name: instrlist_clone
      495    _instrlist_create
               exported name: instrlist_create
      496    _instrlist_destroy
               exported name: instrlist_destroy
      497    _instrlist_disassemble
               exported name: instrlist_disassemble
      498    _instrlist_encode
               exported name: instrlist_encode
      499    _instrlist_encode_to_copy
               exported name: instrlist_encode_to_copy
      500    _instrlist_first
               exported name: instrlist_first
      501    _instrlist_get_translation_target
               exported name: instrlist_get_translation_target
      502    _instrlist_init
               exported name: instrlist_init
      503    _instrlist_insert_mov_immed_ptrsz
               exported name: instrlist_insert_mov_immed_ptrsz
      504    _instrlist_insert_mov_instr_addr
               exported name: instrlist_insert_mov_instr_addr
      505    _instrlist_insert_push_immed_ptrsz
               exported name: instrlist_insert_push_immed_ptrsz
      506    _instrlist_insert_push_instr_addr
               exported name: instrlist_insert_push_instr_addr
      507    _instrlist_last
               exported name: instrlist_last
      508    _instrlist_meta_append
               exported name: instrlist_meta_append
      509    _instrlist_meta_fault_append
               exported name: instrlist_meta_fault_append
      510    _instrlist_meta_fault_postinsert
               exported name: instrlist_meta_fault_postinsert
      511    _instrlist_meta_fault_preinsert
               exported name: instrlist_meta_fault_preinsert
      512    _instrlist_meta_postinsert
               exported name: instrlist_meta_postinsert
      513    _instrlist_meta_preinsert
               exported name: instrlist_meta_preinsert
      514    _instrlist_postinsert
               exported name: instrlist_postinsert
      515    _instrlist_preinsert
               exported name: instrlist_preinsert
      516    _instrlist_prepend
               exported name: instrlist_prepend
      517    _instrlist_remove
               exported name: instrlist_remove
      518    _instrlist_replace
               exported name: instrlist_replace
      519    _instrlist_set_fall_through_target
               exported name: instrlist_set_fall_through_target
      520    _instrlist_set_return_target
               exported name: instrlist_set_return_target
      521    _instrlist_set_translation_target
               exported name: instrlist_set_translation_target
      522    Forwarded to NTDLL.isalnum
               exported name: isalnum
      523    Forwarded to NTDLL.isalpha
               exported name: isalpha
      524    Forwarded to NTDLL.iscntrl
               exported name: iscntrl
      525    Forwarded to NTDLL.isdigit
               exported name: isdigit
      526    Forwarded to NTDLL.isgraph
               exported name: isgraph
      527    Forwarded to NTDLL.islower
               exported name: islower
      528    Forwarded to NTDLL.isprint
               exported name: isprint
      529    Forwarded to NTDLL.ispunct
               exported name: ispunct
      530    Forwarded to NTDLL.isspace
               exported name: isspace
      531    Forwarded to NTDLL.isupper
               exported name: isupper
      532    Forwarded to NTDLL.iswalpha
               exported name: iswalpha
      533    Forwarded to NTDLL.iswctype
               exported name: iswctype
      534    Forwarded to NTDLL.iswdigit
               exported name: iswdigit
      535    Forwarded to NTDLL.iswlower
               exported name: iswlower
      536    Forwarded to NTDLL.iswspace
               exported name: iswspace
      537    Forwarded to NTDLL.iswxdigit
               exported name: iswxdigit
      538    Forwarded to NTDLL.isxdigit
               exported name: isxdigit
      539    Forwarded to NTDLL.labs
               exported name: labs
      540    Forwarded to NTDLL.log
               exported name: log
      541    Forwarded to NTDLL.mbstowcs
               exported name: mbstowcs
      542    Forwarded to NTDLL.memchr
               exported name: memchr
      543    Forwarded to NTDLL.memcmp
               exported name: memcmp
      544    Forwarded to NTDLL.memcpy
               exported name: memcpy
      545    Forwarded to NTDLL.memmove
               exported name: memmove
      546    Forwarded to NTDLL.memset
               exported name: memset
      547    _opnd_compute_address
               exported name: opnd_compute_address
      548    _opnd_create_abs_addr
               exported name: opnd_create_abs_addr
      549    _opnd_create_base_disp
               exported name: opnd_create_base_disp
      550    _opnd_create_base_disp_ex
               exported name: opnd_create_base_disp_ex
      551    _opnd_create_far_abs_addr
               exported name: opnd_create_far_abs_addr
      552    _opnd_create_far_base_disp
               exported name: opnd_create_far_base_disp
      553    _opnd_create_far_base_disp_ex
               exported name: opnd_create_far_base_disp_ex
      554    _opnd_create_far_instr
               exported name: opnd_create_far_instr
      555    _opnd_create_far_pc
               exported name: opnd_create_far_pc
      556    _opnd_create_immed_float
               exported name: opnd_create_immed_float
      557    _opnd_create_immed_int
               exported name: opnd_create_immed_int
      558    _opnd_create_instr
               exported name: opnd_create_instr
      559    _opnd_create_instr_ex
               exported name: opnd_create_instr_ex
      560    _opnd_create_mem_instr
               exported name: opnd_create_mem_instr
      561    _opnd_create_null
               exported name: opnd_create_null
      562    _opnd_create_pc
               exported name: opnd_create_pc
      563    _opnd_create_reg
               exported name: opnd_create_reg
      564    _opnd_defines_use
               exported name: opnd_defines_use
      565    _opnd_disassemble
               exported name: opnd_disassemble
      566    _opnd_disassemble_to_buffer
               exported name: opnd_disassemble_to_buffer
      567    _opnd_get_addr
               exported name: opnd_get_addr
      568    _opnd_get_base
               exported name: opnd_get_base
      569    _opnd_get_disp
               exported name: opnd_get_disp
      570    _opnd_get_immed_float
               exported name: opnd_get_immed_float
      571    _opnd_get_immed_int
               exported name: opnd_get_immed_int
      572    _opnd_get_index
               exported name: opnd_get_index
      573    _opnd_get_instr
               exported name: opnd_get_instr
      574    _opnd_get_mem_instr_disp
               exported name: opnd_get_mem_instr_disp
      575    _opnd_get_pc
               exported name: opnd_get_pc
      576    _opnd_get_reg
               exported name: opnd_get_reg
      577    _opnd_get_reg_used
               exported name: opnd_get_reg_used
      578    _opnd_get_scale
               exported name: opnd_get_scale
      579    _opnd_get_segment
               exported name: opnd_get_segment
      580    _opnd_get_segment_selector
               exported name: opnd_get_segment_selector
      581    _opnd_get_shift
               exported name: opnd_get_shift
      582    _opnd_get_size
               exported name: opnd_get_size
      583    _opnd_is_abs_addr
               exported name: opnd_is_abs_addr
      584    _opnd_is_base_disp
               exported name: opnd_is_base_disp
      585    _opnd_is_disp_encode_zero
               exported name: opnd_is_disp_encode_zero
      586    _opnd_is_disp_force_full
               exported name: opnd_is_disp_force_full
      587    _opnd_is_disp_short_addr
               exported name: opnd_is_disp_short_addr
      588    _opnd_is_far_abs_addr
               exported name: opnd_is_far_abs_addr
      589    _opnd_is_far_base_disp
               exported name: opnd_is_far_base_disp
      590    _opnd_is_far_instr
               exported name: opnd_is_far_instr
      591    _opnd_is_far_memory_reference
               exported name: opnd_is_far_memory_reference
      592    _opnd_is_far_pc
               exported name: opnd_is_far_pc
      593    _opnd_is_immed
               exported name: opnd_is_immed
      594    _opnd_is_immed_float
               exported name: opnd_is_immed_float
      595    _opnd_is_immed_int
               exported name: opnd_is_immed_int
      596    _opnd_is_instr
               exported name: opnd_is_instr
      597    _opnd_is_mem_instr
               exported name: opnd_is_mem_instr
      598    _opnd_is_memory_reference
               exported name: opnd_is_memory_reference
      599    _opnd_is_near_abs_addr
               exported name: opnd_is_near_abs_addr
      600    _opnd_is_near_base_disp
               exported name: opnd_is_near_base_disp
      601    _opnd_is_near_instr
               exported name: opnd_is_near_instr
      602    _opnd_is_near_memory_reference
               exported name: opnd_is_near_memory_reference
      603    _opnd_is_near_pc
               exported name: opnd_is_near_pc
      604    _opnd_is_null
               exported name: opnd_is_null
      605    _opnd_is_pc
               exported name: opnd_is_pc
      606    _opnd_is_reg
               exported name: opnd_is_reg
      607    _opnd_is_reg_32bit
               exported name: opnd_is_reg_32bit
      608    _opnd_is_reg_64bit
               exported name: opnd_is_reg_64bit
      609    _opnd_is_reg_pointer_sized
               exported name: opnd_is_reg_pointer_sized
      610    _opnd_is_vsib
               exported name: opnd_is_vsib
      611    _opnd_num_regs_used
               exported name: opnd_num_regs_used
      612    _opnd_replace_reg
               exported name: opnd_replace_reg
      613    _opnd_same
               exported name: opnd_same
      614    _opnd_same_address
               exported name: opnd_same_address
      615    _opnd_set_disp
               exported name: opnd_set_disp
      616    _opnd_set_disp_ex
               exported name: opnd_set_disp_ex
      617    _opnd_set_size
               exported name: opnd_set_size
      618    _opnd_share_reg
               exported name: opnd_share_reg
      619    _opnd_shrink_to_16_bits
               exported name: opnd_shrink_to_16_bits
      620    _opnd_size_from_bytes
               exported name: opnd_size_from_bytes
      621    _opnd_size_in_bytes
               exported name: opnd_size_in_bytes
      622    _opnd_uses_reg
               exported name: opnd_uses_reg
      623    Forwarded to NTDLL.pow
               exported name: pow
      624    _proc_avx_enabled
               exported name: proc_avx_enabled
      625    _proc_bump_to_end_of_cache_line
               exported name: proc_bump_to_end_of_cache_line
      626    _proc_fpstate_save_size
               exported name: proc_fpstate_save_size
      627    _proc_get_L1_dcache_size
               exported name: proc_get_L1_dcache_size
      628    _proc_get_L1_icache_size
               exported name: proc_get_L1_icache_size
      629    _proc_get_L2_cache_size
               exported name: proc_get_L2_cache_size
      630    _proc_get_all_feature_bits
               exported name: proc_get_all_feature_bits
      631    _proc_get_brand_string
               exported name: proc_get_brand_string
      632    _proc_get_cache_line_size
               exported name: proc_get_cache_line_size
      633    _proc_get_cache_size_str
               exported name: proc_get_cache_size_str
      634    _proc_get_containing_page
               exported name: proc_get_containing_page
      635    _proc_get_family
               exported name: proc_get_family
      636    _proc_get_model
               exported name: proc_get_model
      637    _proc_get_stepping
               exported name: proc_get_stepping
      638    _proc_get_type
               exported name: proc_get_type
      639    _proc_get_vendor
               exported name: proc_get_vendor
      640    _proc_has_feature
               exported name: proc_has_feature
      641    _proc_is_cache_aligned
               exported name: proc_is_cache_aligned
      642    _proc_restore_fpstate
               exported name: proc_restore_fpstate
      643    _proc_save_fpstate
               exported name: proc_save_fpstate
      644    _proc_set_vendor
               exported name: proc_set_vendor
      645    Forwarded to NTDLL.qsort
               exported name: qsort
      646    _reg_32_to_16
               exported name: reg_32_to_16
      647    _reg_32_to_8
               exported name: reg_32_to_8
      648    _reg_32_to_opsz
               exported name: reg_32_to_opsz
      649    _reg_get_bits
               exported name: reg_get_bits
      650    _reg_get_size
               exported name: reg_get_size
      651    _reg_get_value
               exported name: reg_get_value
      652    _reg_is_32bit
               exported name: reg_is_32bit
      653    _reg_is_64bit
               exported name: reg_is_64bit
      654    _reg_is_fp
               exported name: reg_is_fp
      655    _reg_is_gpr
               exported name: reg_is_gpr
      656    _reg_is_mmx
               exported name: reg_is_mmx
      657    _reg_is_pointer_sized
               exported name: reg_is_pointer_sized
      658    _reg_is_segment
               exported name: reg_is_segment
      659    _reg_is_xmm
               exported name: reg_is_xmm
      660    _reg_is_ymm
               exported name: reg_is_ymm
      661    _reg_overlap
               exported name: reg_overlap
      662    _reg_parameter_num
               exported name: reg_parameter_num
      663    _reg_resize_to_opsz
               exported name: reg_resize_to_opsz
      664    _reg_set_value
               exported name: reg_set_value
      665    _reg_to_pointer_sized
               exported name: reg_to_pointer_sized
      666    Forwarded to NTDLL.sin
               exported name: sin
      667    Forwarded to NTDLL.sprintf
               exported name: sprintf
      668    Forwarded to NTDLL.sqrt
               exported name: sqrt
      669    Forwarded to NTDLL.sscanf
               exported name: sscanf
      670    Forwarded to NTDLL.strchr
               exported name: strchr
      671    Forwarded to NTDLL.strcmp
               exported name: strcmp
      672    Forwarded to NTDLL.strcspn
               exported name: strcspn
      673    Forwarded to NTDLL.strlen
               exported name: strlen
      674    Forwarded to NTDLL.strncat
               exported name: strncat
      675    Forwarded to NTDLL.strncmp
               exported name: strncmp
      676    Forwarded to NTDLL.strncpy
               exported name: strncpy
      677    Forwarded to NTDLL.strpbrk
               exported name: strpbrk
      678    Forwarded to NTDLL.strrchr
               exported name: strrchr
      679    Forwarded to NTDLL.strspn
               exported name: strspn
      680    Forwarded to NTDLL.strstr
               exported name: strstr
      681    Forwarded to NTDLL.strtol
               exported name: strtol
      682    Forwarded to NTDLL.strtoul
               exported name: strtoul
      683    Forwarded to NTDLL.tan
               exported name: tan
      684    Forwarded to NTDLL.tolower
               exported name: tolower
      685    Forwarded to NTDLL.toupper
               exported name: toupper
      686    Forwarded to NTDLL.towlower
               exported name: towlower
      687    Forwarded to NTDLL.towupper
               exported name: towupper
      688    _unique_build_number
               exported name: unique_build_number
      689    Forwarded to NTDLL.wcscat
               exported name: wcscat
      690    Forwarded to NTDLL.wcschr
               exported name: wcschr
      691    Forwarded to NTDLL.wcscmp
               exported name: wcscmp
      692    Forwarded to NTDLL.wcscpy
               exported name: wcscpy
      693    Forwarded to NTDLL.wcscspn
               exported name: wcscspn
      694    Forwarded to NTDLL.wcslen
               exported name: wcslen
      695    Forwarded to NTDLL.wcsncat
               exported name: wcsncat
      696    Forwarded to NTDLL.wcsncmp
               exported name: wcsncmp
      697    Forwarded to NTDLL.wcsncpy
               exported name: wcsncpy
      698    Forwarded to NTDLL.wcspbrk
               exported name: wcspbrk
      699    Forwarded to NTDLL.wcsrchr
               exported name: wcsrchr
      700    Forwarded to NTDLL.wcsspn
               exported name: wcsspn
      701    Forwarded to NTDLL.wcsstr
               exported name: wcsstr
      702    Forwarded to NTDLL.wcstol
               exported name: wcstol
      703    Forwarded to NTDLL.wcstombs
               exported name: wcstombs
      704    Forwarded to NTDLL.wcstoul
               exported name: wcstoul
